 AntiHackServer

 Timestamp is 64aa9418 (Sun Jul  9 18:03:52 2023)

 Preferred load address is 00400000

 Start         Length     Name                   Class
 0001:00000000 000002f0H .text$di                CODE
 0001:000002f0 00025c20H .text$mn                CODE
 0001:00025f10 00000460H .text$x                 CODE
 0001:00026370 0000023dH .text$yd                CODE
 0002:00000000 00000298H .idata$5                DATA
 0002:00000298 00000008H .00cfg                  DATA
 0002:000002a0 00000004H .CRT$XCA                DATA
 0002:000002a4 00000004H .CRT$XCAA               DATA
 0002:000002a8 0000002cH .CRT$XCU                DATA
 0002:000002d4 00000004H .CRT$XCZ                DATA
 0002:000002d8 00000004H .CRT$XIA                DATA
 0002:000002dc 00000004H .CRT$XIAA               DATA
 0002:000002e0 00000004H .CRT$XIAC               DATA
 0002:000002e4 00000014H .CRT$XIC                DATA
 0002:000002f8 00000004H .CRT$XIZ                DATA
 0002:000002fc 00000004H .CRT$XPA                DATA
 0002:00000300 00000008H .CRT$XPX                DATA
 0002:00000308 00000004H .CRT$XPXA               DATA
 0002:0000030c 00000004H .CRT$XPZ                DATA
 0002:00000310 00000004H .CRT$XTA                DATA
 0002:00000314 0000000cH .CRT$XTZ                DATA
 0002:00000318 00000000H .gfids$y                DATA
 0002:00000320 00006c60H .rdata                  DATA
 0002:00006f80 00000000H .rdata$CastGuardVftablesA DATA
 0002:00006f80 00000000H .rdata$CastGuardVftablesC DATA
 0002:00006f80 00000604H .rdata$r                DATA
 0002:00007584 00000070H .rdata$sxdata           DATA
 0002:000075f4 000000c0H .rdata$voltmd           DATA
 0002:000076b4 000003b4H .rdata$zzzdbg           DATA
 0002:00007a68 00000004H .rtc$IAA                DATA
 0002:00007a6c 00000004H .rtc$IZZ                DATA
 0002:00007a70 00000004H .rtc$TAA                DATA
 0002:00007a74 00000004H .rtc$TZZ                DATA
 0002:00007a78 00000d5cH .xdata$x                DATA
 0002:000087d4 00000000H .edata                  DATA
 0002:000087d4 00000078H .idata$2                DATA
 0002:0000884c 00000014H .idata$3                DATA
 0002:00008860 00000298H .idata$4                DATA
 0002:00008af8 00000a72H .idata$6                DATA
 0003:00000000 00005d80H .data                   DATA
 0003:00005d80 000000ccH .data$r                 DATA
 0003:00005e4c 000001acH .data$rs                DATA
 0003:00005ff8 000750e4H .bss                    DATA
 0004:00000000 00000580H .rsrc$01                DATA
 0004:00000580 00048bc0H .rsrc$02                DATA

  Address         Publics by Value              Rva+Base       Lib:Object

 0000:00000000       ___AbsoluteZero            00000000     <absolute>
 0000:00000000       ___arm64x_extra_rfe_table  00000000     <absolute>
 0000:00000000       ___arm64x_extra_rfe_table_size 00000000     <absolute>
 0000:00000000       ___arm64x_native_entrypoint 00000000     <absolute>
 0000:00000000       ___arm64x_redirection_metadata 00000000     <absolute>
 0000:00000000       ___arm64x_redirection_metadata_count 00000000     <absolute>
 0000:00000000       ___dynamic_value_reloc_table 00000000     <absolute>
 0000:00000000       ___enclave_config          00000000     <absolute>
 0000:00000000       ___guard_check_icall_a64n_fptr 00000000     <absolute>
 0000:00000000       ___guard_eh_cont_count     00000000     <absolute>
 0000:00000000       ___guard_eh_cont_table     00000000     <absolute>
 0000:00000000       ___guard_fids_count        00000000     <absolute>
 0000:00000000       ___guard_fids_table        00000000     <absolute>
 0000:00000000       ___guard_iat_count         00000000     <absolute>
 0000:00000000       ___guard_iat_table         00000000     <absolute>
 0000:00000000       ___guard_longjmp_count     00000000     <absolute>
 0000:00000000       ___guard_longjmp_table     00000000     <absolute>
 0000:00000000       ___hybrid_auxiliary_iat    00000000     <absolute>
 0000:00000000       ___hybrid_auxiliary_iat_copy 00000000     <absolute>
 0000:00000000       ___hybrid_code_map         00000000     <absolute>
 0000:00000000       ___hybrid_code_map_count   00000000     <absolute>
 0000:00000000       ___x64_code_ranges_to_entry_points 00000000     <absolute>
 0000:00000000       ___x64_code_ranges_to_entry_points_count 00000000     <absolute>
 0000:00000000       __except_list              00000000     <absolute>
 0000:0000001c       ___safe_se_handler_count   0000001c     <absolute>
 0000:00000100       ___guard_flags             00000100     <absolute>
 0000:00000000       ___ImageBase               00400000     <linker-defined>
 0001:000002f0       ??_ECAuthenticate@@UAEPAXI@Z 004012f0 f i * CIL library *:* CIL module *
 0001:000002f0       ??_GCAuthenticate@@UAEPAXI@Z 004012f0 f i Authenticate.obj
 0001:00000350       ??_ECBlackList@@UAEPAXI@Z  00401350 f i * CIL library *:* CIL module *
 0001:00000350       ??_GCBlackList@@UAEPAXI@Z  00401350 f i BlackList.obj
 0001:00000390       ?SetList@CBlackList@@QAEXPAD@Z 00401390 f   BlackList.obj
 0001:000005c0       ??1?$vector@UBLACKLIST_HARDID_INFO@@V?$allocator@UBLACKLIST_HARDID_INFO@@@std@@@std@@QAE@XZ 004015c0 f i BlackList.obj
 0001:00000630       ??1?$vector@UBLACKLIST_IPADDR_INFO@@V?$allocator@UBLACKLIST_IPADDR_INFO@@@std@@@std@@QAE@XZ 00401630 f i BlackList.obj
 0001:000006a0       ??$_Emplace_reallocate@ABUBLACKLIST_HARDID_INFO@@@?$vector@UBLACKLIST_HARDID_INFO@@V?$allocator@UBLACKLIST_HARDID_INFO@@@std@@@std@@AAEPAUBLACKLIST_HARDID_INFO@@QAU2@ABU2@@Z 004016a0 f i BlackList.obj
 0001:00000860       ??$_Emplace_reallocate@ABUBLACKLIST_IPADDR_INFO@@@?$vector@UBLACKLIST_IPADDR_INFO@@V?$allocator@UBLACKLIST_IPADDR_INFO@@@std@@@std@@AAEPAUBLACKLIST_IPADDR_INFO@@QAU2@ABU2@@Z 00401860 f i BlackList.obj
 0001:00000a20       ?_Xlength@?$vector@UBLACKLIST_HARDID_INFO@@V?$allocator@UBLACKLIST_HARDID_INFO@@@std@@@std@@CAXXZ 00401a20 f i BlackList.obj
 0001:00000a20       ?_Xlength@?$vector@UBLACKLIST_IPADDR_INFO@@V?$allocator@UBLACKLIST_IPADDR_INFO@@@std@@@std@@CAXXZ 00401a20 f i BlackList.obj
 0001:00000a20       ?_Xlength@?$vector@UCSUM_LIST_INFO@@V?$allocator@UCSUM_LIST_INFO@@@std@@@std@@CAXXZ 00401a20 f i ReadFiles.obj
 0001:00000a20       ?_Xlength@?$vector@UDUMP_LIST_INFO@@V?$allocator@UDUMP_LIST_INFO@@@std@@@std@@CAXXZ 00401a20 f i ReadFiles.obj
 0001:00000a20       ?_Xlength@?$vector@UHARDWARE_ID_INFO@@V?$allocator@UHARDWARE_ID_INFO@@@std@@@std@@CAXXZ 00401a20 f i HidManager.obj
 0001:00000a20       ?_Xlength@?$vector@UITRN_LIST_INFO@@V?$allocator@UITRN_LIST_INFO@@@std@@@std@@CAXXZ 00401a20 f i ReadFiles.obj
 0001:00000a20       ?_Xlength@?$vector@UWNDW_LIST_INFO@@V?$allocator@UWNDW_LIST_INFO@@@std@@@std@@CAXXZ 00401a20 f i ReadFiles.obj
 0001:00000a30       ??0bad_array_new_length@std@@QAE@XZ 00401a30 f i BlackList.obj
 0001:00000a50       ??1bad_alloc@std@@UAE@XZ   00401a50 f i BlackList.obj
 0001:00000a50       ??1bad_array_new_length@std@@UAE@XZ 00401a50 f i BlackList.obj
 0001:00000a50       ??1bad_exception@std@@UAE@XZ 00401a50 f i libvcruntime:frame.obj
 0001:00000a50       ??1length_error@std@@UAE@XZ 00401a50 f i libcpmt:xthrow.obj
 0001:00000a70       ??_Ebad_alloc@std@@UAEPAXI@Z 00401a70 f i * CIL library *:* CIL module *
 0001:00000a70       ??_Ebad_array_new_length@std@@UAEPAXI@Z 00401a70 f i * CIL library *:* CIL module *
 0001:00000a70       ??_Eexception@std@@UAEPAXI@Z 00401a70 f i * CIL library *:* CIL module *
 0001:00000a70       ??_Gbad_alloc@std@@UAEPAXI@Z 00401a70 f i BlackList.obj
 0001:00000a70       ??_Gbad_array_new_length@std@@UAEPAXI@Z 00401a70 f i BlackList.obj
 0001:00000a70       ??_Gexception@std@@UAEPAXI@Z 00401a70 f i BlackList.obj
 0001:00000aa0       ??0bad_array_new_length@std@@QAE@ABV01@@Z 00401aa0 f i BlackList.obj
 0001:00000ae0       ??0bad_alloc@std@@QAE@ABV01@@Z 00401ae0 f i BlackList.obj
 0001:00000b20       ?what@exception@std@@UBEPBDXZ 00401b20 f i BlackList.obj
 0001:00000b30       ??0exception@std@@QAE@ABV01@@Z 00401b30 f i BlackList.obj
 0001:00000b60       ?_Throw_bad_array_new_length@std@@YAXXZ 00401b60 f i BlackList.obj
 0001:00000b60       ?__scrt_throw_std_bad_array_new_length@@YAXXZ 00401b60 f i LIBCMT:throw_bad_alloc.obj
 0001:00000b80       ?Initialize@CCRC32@@QAEXXZ 00401b80 f   CCRC32.obj
 0001:00000cb0       ?FileCRC@CCRC32@@QAE_NPBDPAKK@Z 00401cb0 f   CCRC32.obj
 0001:00000d90       ??0CClientManager@@QAE@XZ  00401d90 f   ClientManager.obj
 0001:00000e50       ??_ECClientManager@@UAEPAXI@Z 00401e50 f i * CIL library *:* CIL module *
 0001:00000e50       ??_GCClientManager@@UAEPAXI@Z 00401e50 f i ClientManager.obj
 0001:00000ea0       ??1?$set@V?$basic_string@DU?$char_traits@D@std@@V?$allocator@D@2@@std@@U?$less@V?$basic_string@DU?$char_traits@D@std@@V?$allocator@D@2@@std@@@2@V?$allocator@V?$basic_string@DU?$char_traits@D@std@@V?$allocator@D@2@@std@@@2@@std@@QAE@XZ 00401ea0 f i ClientManager.obj
 0001:00000ec0       ??1CClientManager@@UAE@XZ  00401ec0 f   ClientManager.obj
 0001:00000ef0       ?DelClient@CClientManager@@QAEXXZ 00401ef0 f   ClientManager.obj
 0001:00001060       ??4?$set@V?$basic_string@DU?$char_traits@D@std@@V?$allocator@D@2@@std@@U?$less@V?$basic_string@DU?$char_traits@D@std@@V?$allocator@D@2@@std@@@2@V?$allocator@V?$basic_string@DU?$char_traits@D@std@@V?$allocator@D@2@@std@@@2@@std@@QAEAAV01@V?$initializer_list@V?$basic_string@DU?$char_traits@D@std@@V?$allocator@D@2@@std@@@1@@Z 00402060 f i ClientManager.obj
 0001:00001180       ?_Getal@?$_Tree@V?$_Tset_traits@V?$basic_string@DU?$char_traits@D@std@@V?$allocator@D@2@@std@@U?$less@V?$basic_string@DU?$char_traits@D@std@@V?$allocator@D@2@@std@@@2@V?$allocator@V?$basic_string@DU?$char_traits@D@std@@V?$allocator@D@2@@std@@@2@$0A@@std@@@std@@IAEAAV?$allocator@U?$_Tree_node@V?$basic_string@DU?$char_traits@D@std@@V?$allocator@D@2@@std@@PAX@std@@@2@XZ 00402180 f i ClientManager.obj
 0001:00001190       ??$insert@$0A@$0A@@?$_Tree@V?$_Tset_traits@V?$basic_string@DU?$char_traits@D@std@@V?$allocator@D@2@@std@@U?$less@V?$basic_string@DU?$char_traits@D@std@@V?$allocator@D@2@@std@@@2@V?$allocator@V?$basic_string@DU?$char_traits@D@std@@V?$allocator@D@2@@std@@@2@$0A@@std@@@std@@QAE?AU?$pair@V?$_Tree_const_iterator@V?$_Tree_val@U?$_Tree_simple_types@V?$basic_string@DU?$char_traits@D@std@@V?$allocator@D@2@@std@@@std@@@std@@@std@@_N@1@$$QAV?$basic_string@DU?$char_traits@D@std@@V?$allocator@D@2@@1@@Z 00402190 f i ClientManager.obj
 0001:000012b0       ??$_Erase_tree@V?$allocator@U?$_Tree_node@V?$basic_string@DU?$char_traits@D@std@@V?$allocator@D@2@@std@@PAX@std@@@std@@@?$_Tree_val@U?$_Tree_simple_types@V?$basic_string@DU?$char_traits@D@std@@V?$allocator@D@2@@std@@@std@@@std@@QAEXAAV?$allocator@U?$_Tree_node@V?$basic_string@DU?$char_traits@D@std@@V?$allocator@D@2@@std@@PAX@std@@@1@PAU?$_Tree_node@V?$basic_string@DU?$char_traits@D@std@@V?$allocator@D@2@@std@@PAX@1@@Z 004022b0 f i ClientManager.obj
 0001:000012b0       ??$_Erase_tree_and_orphan@V?$allocator@U?$_Tree_node@V?$basic_string@DU?$char_traits@D@std@@V?$allocator@D@2@@std@@PAX@std@@@std@@@?$_Tree_val@U?$_Tree_simple_types@V?$basic_string@DU?$char_traits@D@std@@V?$allocator@D@2@@std@@@std@@@std@@QAEXAAV?$allocator@U?$_Tree_node@V?$basic_string@DU?$char_traits@D@std@@V?$allocator@D@2@@std@@PAX@std@@@1@PAU?$_Tree_node@V?$basic_string@DU?$char_traits@D@std@@V?$allocator@D@2@@std@@PAX@1@@Z 004022b0 f i HackServer.obj
 0001:00001340       ?_Insert_node@?$_Tree_val@U?$_Tree_simple_types@U?$pair@$$CBKUPROCESS_CACHE_INFO@@@std@@@std@@@std@@QAEPAU?$_Tree_node@U?$pair@$$CBKUPROCESS_CACHE_INFO@@@std@@PAX@2@U?$_Tree_id@PAU?$_Tree_node@U?$pair@$$CBKUPROCESS_CACHE_INFO@@@std@@PAX@std@@@2@QAU32@@Z 00402340 f i ProcessManager.obj
 0001:00001340       ?_Insert_node@?$_Tree_val@U?$_Tree_simple_types@U?$pair@$$CBV?$basic_string@DU?$char_traits@D@std@@V?$allocator@D@2@@std@@UIP_ADDRESS_INFO@@@std@@@std@@@std@@QAEPAU?$_Tree_node@U?$pair@$$CBV?$basic_string@DU?$char_traits@D@std@@V?$allocator@D@2@@std@@UIP_ADDRESS_INFO@@@std@@PAX@2@U?$_Tree_id@PAU?$_Tree_node@U?$pair@$$CBV?$basic_string@DU?$char_traits@D@std@@V?$allocator@D@2@@std@@UIP_ADDRESS_INFO@@@std@@PAX@std@@@2@QAU32@@Z 00402340 f i IpManager.obj
 0001:00001340       ?_Insert_node@?$_Tree_val@U?$_Tree_simple_types@V?$basic_string@DU?$char_traits@D@std@@V?$allocator@D@2@@std@@@std@@@std@@QAEPAU?$_Tree_node@V?$basic_string@DU?$char_traits@D@std@@V?$allocator@D@2@@std@@PAX@2@U?$_Tree_id@PAU?$_Tree_node@V?$basic_string@DU?$char_traits@D@std@@V?$allocator@D@2@@std@@PAX@std@@@2@QAU32@@Z 00402340 f i ClientManager.obj
 0001:00001530       ??1?$_Alloc_construct_ptr@V?$allocator@U?$_Tree_node@V?$basic_string@DU?$char_traits@D@std@@V?$allocator@D@2@@std@@PAX@std@@@std@@@std@@QAE@XZ 00402530 f i ClientManager.obj
 0001:00001530       ??1?$_Tree_temp_node_alloc@V?$allocator@U?$_Tree_node@V?$basic_string@DU?$char_traits@D@std@@V?$allocator@D@2@@std@@PAX@std@@@std@@@std@@QAE@XZ 00402530 f i ClientManager.obj
 0001:00001550       ??$_Find_lower_bound@V?$basic_string@DU?$char_traits@D@std@@V?$allocator@D@2@@std@@@?$_Tree@V?$_Tmap_traits@V?$basic_string@DU?$char_traits@D@std@@V?$allocator@D@2@@std@@UIP_ADDRESS_INFO@@U?$less@V?$basic_string@DU?$char_traits@D@std@@V?$allocator@D@2@@std@@@2@V?$allocator@U?$pair@$$CBV?$basic_string@DU?$char_traits@D@std@@V?$allocator@D@2@@std@@UIP_ADDRESS_INFO@@@std@@@2@$0A@@std@@@std@@IBE?AU?$_Tree_find_result@PAU?$_Tree_node@U?$pair@$$CBV?$basic_string@DU?$char_traits@D@std@@V?$allocator@D@2@@std@@UIP_ADDRESS_INFO@@@std@@PAX@std@@@1@ABV?$basic_string@DU?$char_traits@D@std@@V?$allocator@D@2@@1@@Z 00402550 f i IpManager.obj
 0001:00001550       ??$_Find_lower_bound@V?$basic_string@DU?$char_traits@D@std@@V?$allocator@D@2@@std@@@?$_Tree@V?$_Tset_traits@V?$basic_string@DU?$char_traits@D@std@@V?$allocator@D@2@@std@@U?$less@V?$basic_string@DU?$char_traits@D@std@@V?$allocator@D@2@@std@@@2@V?$allocator@V?$basic_string@DU?$char_traits@D@std@@V?$allocator@D@2@@std@@@2@$0A@@std@@@std@@IBE?AU?$_Tree_find_result@PAU?$_Tree_node@V?$basic_string@DU?$char_traits@D@std@@V?$allocator@D@2@@std@@PAX@std@@@1@ABV?$basic_string@DU?$char_traits@D@std@@V?$allocator@D@2@@1@@Z 00402550 f i ClientManager.obj
 0001:000015b0       ??$_Find_hint@V?$basic_string@DU?$char_traits@D@std@@V?$allocator@D@2@@std@@@?$_Tree@V?$_Tset_traits@V?$basic_string@DU?$char_traits@D@std@@V?$allocator@D@2@@std@@U?$less@V?$basic_string@DU?$char_traits@D@std@@V?$allocator@D@2@@std@@@2@V?$allocator@V?$basic_string@DU?$char_traits@D@std@@V?$allocator@D@2@@std@@@2@$0A@@std@@@std@@IBE?AU?$_Tree_find_hint_result@PAU?$_Tree_node@V?$basic_string@DU?$char_traits@D@std@@V?$allocator@D@2@@std@@PAX@std@@@1@QAU?$_Tree_node@V?$basic_string@DU?$char_traits@D@std@@V?$allocator@D@2@@std@@PAX@1@ABV?$basic_string@DU?$char_traits@D@std@@V?$allocator@D@2@@1@@Z 004025b0 f i ClientManager.obj
 0001:00001800       ??R?$less@V?$basic_string@DU?$char_traits@D@std@@V?$allocator@D@2@@std@@@std@@QBE_NABV?$basic_string@DU?$char_traits@D@std@@V?$allocator@D@2@@1@0@Z 00402800 f i ClientManager.obj
 0001:000018b0       ??0?$basic_string@DU?$char_traits@D@std@@V?$allocator@D@2@@std@@QAE@ABV01@@Z 004028b0 f i ClientManager.obj
 0001:000019b0       ?_Throw_tree_length_error@std@@YAXXZ 004029b0 f i ClientManager.obj
 0001:000019c0       ??1?$basic_string@DU?$char_traits@D@std@@V?$allocator@D@2@@std@@QAE@XZ 004029c0 f i ClientManager.obj
 0001:000019c0       ??1?$pair@V?$basic_string@DU?$char_traits@D@std@@V?$allocator@D@2@@std@@UIP_ADDRESS_INFO@@@std@@QAE@XZ 004029c0 f i IpManager.obj
 0001:00001a10       ?_Xlen_string@std@@YAXXZ   00402a10 f i ClientManager.obj
 0001:00001a20       ??0?$basic_string@DU?$char_traits@D@std@@V?$allocator@D@2@@std@@QAE@QBD@Z 00402a20 f i ClientManager.obj
 0001:00001b20       ??_ECCriticalSection@@UAEPAXI@Z 00402b20 f i * CIL library *:* CIL module *
 0001:00001b20       ??_GCCriticalSection@@UAEPAXI@Z 00402b20 f i CriticalSection.obj
 0001:00001b50       ??1CCriticalSection@@UAE@XZ 00402b50 f   CriticalSection.obj
 0001:00001b70       ?httpGet@@YAHPADH0@Z       00402b70 f   FileDownloadHTTP.obj
 0001:00001e10       ??$sprintf_s@$0PPPP@@@YAHAAY0PPPP@DPBDZZ 00402e10 f i FileDownloadHTTP.obj
 0001:00001e30       ___local_stdio_printf_options 00402e30 f i FileDownloadHTTP.obj
 0001:00001e40       __vsprintf_s_l             00402e40 f i FileDownloadHTTP.obj
 0001:00001e90       _WinMain@16                00402e90 f   HackServer.obj
 0001:000022a0       ?PlayersList@@YGJPAUHWND__@@IIJ@Z 004032a0 f   HackServer.obj
 0001:00002880       ?WndProc@@YGJPAUHWND__@@IIJ@Z 00403880 f   HackServer.obj
 0001:00002d30       ?About@@YGJPAUHWND__@@IIJ@Z 00403d30 f   HackServer.obj
 0001:00002d70       ??1?$_Tree_head_scoped_ptr@V?$allocator@U?$_Tree_node@V?$basic_string@DU?$char_traits@D@std@@V?$allocator@D@2@@std@@PAX@std@@@std@@V?$_Tree_val@U?$_Tree_simple_types@V?$basic_string@DU?$char_traits@D@std@@V?$allocator@D@2@@std@@@std@@@2@@std@@QAE@XZ 00403d70 f i HackServer.obj
 0001:00002da0       ??$_Copy_nodes@$0A@@?$_Tree@V?$_Tset_traits@V?$basic_string@DU?$char_traits@D@std@@V?$allocator@D@2@@std@@U?$less@V?$basic_string@DU?$char_traits@D@std@@V?$allocator@D@2@@std@@@2@V?$allocator@V?$basic_string@DU?$char_traits@D@std@@V?$allocator@D@2@@std@@@2@$0A@@std@@@std@@IAEPAU?$_Tree_node@V?$basic_string@DU?$char_traits@D@std@@V?$allocator@D@2@@std@@PAX@1@PAU21@0@Z 00403da0 f i HackServer.obj
 0001:00002e90       __vsnprintf_l              00403e90 f i HackServer.obj
 0001:00002ed0       _sprintf                   00403ed0 f i HackServer.obj
 0001:00002ef0       ?CHCProcessInfoRecv@@YAXPAUSHDP_SHOW_PROCESS_SEND@@H@Z 00403ef0 f   HackServerProtocol.obj
 0001:00002fb0       ?CHClientInfoRecv@@YAXPAUSDHP_CLIENT_INFO_RECV@@H@Z 00403fb0 f   HackServerProtocol.obj
 0001:000034b0       ?CHClientDisconnectRecv@@YAXPAUSDHP_CLIENT_DISCONNECT_RECV@@H@Z 004044b0 f   HackServerProtocol.obj
 0001:00003c40       ?HCDumpListSend@@YAXH@Z    00404c40 f   HackServerProtocol.obj
 0001:00003e00       ?HCChecksumListSend@@YAXH@Z 00404e00 f   HackServerProtocol.obj
 0001:00003f90       ?HCInternalListSend@@YAXH@Z 00404f90 f   HackServerProtocol.obj
 0001:00004110       ?HCWindowListSend@@YAXH@Z  00405110 f   HackServerProtocol.obj
 0001:000042c0       ??_ECHidManager@@UAEPAXI@Z 004052c0 f i * CIL library *:* CIL module *
 0001:000042c0       ??_GCHidManager@@UAEPAXI@Z 004052c0 f i HidManager.obj
 0001:000042f0       ??1?$vector@UHARDWARE_ID_INFO@@V?$allocator@UHARDWARE_ID_INFO@@@std@@@std@@QAE@XZ 004052f0 f i HidManager.obj
 0001:00004360       ??$_Emplace_reallocate@ABUHARDWARE_ID_INFO@@@?$vector@UHARDWARE_ID_INFO@@V?$allocator@UHARDWARE_ID_INFO@@@std@@@std@@AAEPAUHARDWARE_ID_INFO@@QAU2@ABU2@@Z 00405360 f i HidManager.obj
 0001:00004520       ??_ECIpManager@@UAEPAXI@Z  00405520 f i * CIL library *:* CIL module *
 0001:00004520       ??_GCIpManager@@UAEPAXI@Z  00405520 f i IpManager.obj
 0001:00004570       ?InsertIpAddress@CIpManager@@QAEXPAD@Z 00405570 f   IpManager.obj
 0001:00004860       ??E?$_Tree_unchecked_const_iterator@V?$_Tree_val@U?$_Tree_simple_types@U?$pair@$$CBKUPROCESS_CACHE_INFO@@@std@@@std@@@std@@U_Iterator_base0@2@@std@@QAEAAV01@XZ 00405860 f i ProcessManager.obj
 0001:00004860       ??E?$_Tree_unchecked_const_iterator@V?$_Tree_val@U?$_Tree_simple_types@U?$pair@$$CBV?$basic_string@DU?$char_traits@D@std@@V?$allocator@D@2@@std@@UIP_ADDRESS_INFO@@@std@@@std@@@std@@U_Iterator_base0@2@@std@@QAEAAV01@XZ 00405860 f i IpManager.obj
 0001:000048c0       ?_Extract@?$_Tree_val@U?$_Tree_simple_types@U?$pair@$$CBV?$basic_string@DU?$char_traits@D@std@@V?$allocator@D@2@@std@@UIP_ADDRESS_INFO@@@std@@@std@@@std@@QAEPAU?$_Tree_node@U?$pair@$$CBV?$basic_string@DU?$char_traits@D@std@@V?$allocator@D@2@@std@@UIP_ADDRESS_INFO@@@std@@PAX@2@V?$_Tree_unchecked_const_iterator@V?$_Tree_val@U?$_Tree_simple_types@U?$pair@$$CBV?$basic_string@DU?$char_traits@D@std@@V?$allocator@D@2@@std@@UIP_ADDRESS_INFO@@@std@@@std@@@std@@U_Iterator_base0@2@@2@@Z 004058c0 f i IpManager.obj
 0001:00004cd0       ??$_Erase_tree@V?$allocator@U?$_Tree_node@U?$pair@$$CBV?$basic_string@DU?$char_traits@D@std@@V?$allocator@D@2@@std@@UIP_ADDRESS_INFO@@@std@@PAX@std@@@std@@@?$_Tree_val@U?$_Tree_simple_types@U?$pair@$$CBV?$basic_string@DU?$char_traits@D@std@@V?$allocator@D@2@@std@@UIP_ADDRESS_INFO@@@std@@@std@@@std@@QAEXAAV?$allocator@U?$_Tree_node@U?$pair@$$CBV?$basic_string@DU?$char_traits@D@std@@V?$allocator@D@2@@std@@UIP_ADDRESS_INFO@@@std@@PAX@std@@@1@PAU?$_Tree_node@U?$pair@$$CBV?$basic_string@DU?$char_traits@D@std@@V?$allocator@D@2@@std@@UIP_ADDRESS_INFO@@@std@@PAX@1@@Z 00405cd0 f i IpManager.obj
 0001:00004d60       ??1?$_Alloc_construct_ptr@V?$allocator@U?$_Tree_node@U?$pair@$$CBV?$basic_string@DU?$char_traits@D@std@@V?$allocator@D@2@@std@@UIP_ADDRESS_INFO@@@std@@PAX@std@@@std@@@std@@QAE@XZ 00405d60 f i IpManager.obj
 0001:00004d80       ??_ECLog@@UAEPAXI@Z        00405d80 f i * CIL library *:* CIL module *
 0001:00004d80       ??_GCLog@@UAEPAXI@Z        00405d80 f i Log.obj
 0001:00004db0       ??1CLog@@UAE@XZ            00405db0 f   Log.obj
 0001:00004e00       ?AddLog@CLog@@QAEXHPAD@Z   00405e00 f   Log.obj
 0001:00004f20       ?Output@CLog@@QAAXW4eLogType@@PADZZ 00405f20 f   Log.obj
 0001:00005120       ??_ECMemScript@@UAEPAXI@Z  00406120 f i * CIL library *:* CIL module *
 0001:00005120       ??_GCMemScript@@UAEPAXI@Z  00406120 f i MemScript.obj
 0001:00005160       ?SetBuffer@CMemScript@@QAE_NPADH@Z 00406160 f   MemScript.obj
 0001:00005290       ?GetToken@CMemScript@@QAEHXZ 00406290 f   MemScript.obj
 0001:000055c0       ??$sprintf_s@$0BAE@@@YAHAAY0BAE@DPBDZZ 004065c0 f i MemScript.obj
 0001:000055e0       ___local_stdio_scanf_options 004065e0 f i MemScript.obj
 0001:000055f0       __vsscanf_s_l              004065f0 f i MemScript.obj
 0001:00005620       _sscanf_s                  00406620 f i MemScript.obj
 0001:00005640       ?DumpExceptionFilter@@YGJPAU_EXCEPTION_POINTERS@@@Z 00406640 f   MiniDump.obj
 0001:00005750       ??_ECProcessManager@@UAEPAXI@Z 00406750 f i * CIL library *:* CIL module *
 0001:00005750       ??_GCProcessManager@@UAEPAXI@Z 00406750 f i ProcessManager.obj
 0001:00005790       ?CheckProcess@CProcessManager@@QAE_NXZ 00406790 f   ProcessManager.obj
 0001:00005ce0       ??1?$_Tree@V?$_Tmap_traits@KUPROCESS_CACHE_INFO@@U?$less@K@std@@V?$allocator@U?$pair@$$CBKUPROCESS_CACHE_INFO@@@std@@@3@$0A@@std@@@std@@QAE@XZ 00406ce0 f i ProcessManager.obj
 0001:00005d20       ?_Extract@?$_Tree_val@U?$_Tree_simple_types@U?$pair@$$CBKUPROCESS_CACHE_INFO@@@std@@@std@@@std@@QAEPAU?$_Tree_node@U?$pair@$$CBKUPROCESS_CACHE_INFO@@@std@@PAX@2@V?$_Tree_unchecked_const_iterator@V?$_Tree_val@U?$_Tree_simple_types@U?$pair@$$CBKUPROCESS_CACHE_INFO@@@std@@@std@@@std@@U_Iterator_base0@2@@2@@Z 00406d20 f i ProcessManager.obj
 0001:00006170       ??$_Find_lower_bound@K@?$_Tree@V?$_Tmap_traits@KUPROCESS_CACHE_INFO@@U?$less@K@std@@V?$allocator@U?$pair@$$CBKUPROCESS_CACHE_INFO@@@std@@@3@$0A@@std@@@std@@IBE?AU?$_Tree_find_result@PAU?$_Tree_node@U?$pair@$$CBKUPROCESS_CACHE_INFO@@@std@@PAX@std@@@1@ABK@Z 00407170 f i ProcessManager.obj
 0001:000061c0       ??$_Erase_tree@V?$allocator@U?$_Tree_node@U?$pair@$$CBKUPROCESS_CACHE_INFO@@@std@@PAX@std@@@std@@@?$_Tree_val@U?$_Tree_simple_types@U?$pair@$$CBKUPROCESS_CACHE_INFO@@@std@@@std@@@std@@QAEXAAV?$allocator@U?$_Tree_node@U?$pair@$$CBKUPROCESS_CACHE_INFO@@@std@@PAX@std@@@1@PAU?$_Tree_node@U?$pair@$$CBKUPROCESS_CACHE_INFO@@@std@@PAX@1@@Z 004071c0 f i ProcessManager.obj
 0001:00006200       ??1?$_Alloc_construct_ptr@V?$allocator@U?$_Tree_node@U?$pair@$$CBKUPROCESS_CACHE_INFO@@@std@@PAX@std@@@std@@@std@@QAE@XZ 00407200 f i ProcessManager.obj
 0001:00006220       ??_ECQueue@@UAEPAXI@Z      00407220 f i * CIL library *:* CIL module *
 0001:00006220       ??_GCQueue@@UAEPAXI@Z      00407220 f i Queue.obj
 0001:000062a0       ?ClearQueue@CQueue@@QAEXXZ 004072a0 f   Queue.obj
 0001:000063f0       ??1?$deque@UQUEUE_INFO@@V?$allocator@UQUEUE_INFO@@@std@@@std@@QAE@XZ 004073f0 f i Queue.obj
 0001:000064a0       ?_Growmap@?$deque@UQUEUE_INFO@@V?$allocator@UQUEUE_INFO@@@std@@@std@@AAEXI@Z 004074a0 f i Queue.obj
 0001:00006650       ?_Xlen@?$deque@UQUEUE_INFO@@V?$allocator@UQUEUE_INFO@@@std@@@std@@ABEXXZ 00407650 f i Queue.obj
 0001:00006660       ??_ECReadFiles@@UAEPAXI@Z  00407660 f i * CIL library *:* CIL module *
 0001:00006660       ??_GCReadFiles@@UAEPAXI@Z  00407660 f i ReadFiles.obj
 0001:000066b0       ?DumpList@CReadFiles@@QAEXPAD@Z 004076b0 f   ReadFiles.obj
 0001:00006910       ?ChecksumList@CReadFiles@@QAEXPAD@Z 00407910 f   ReadFiles.obj
 0001:00006ad0       ?InternalList@CReadFiles@@QAEXPAD@Z 00407ad0 f   ReadFiles.obj
 0001:00006c70       ?WindowList@CReadFiles@@QAEXPAD@Z 00407c70 f   ReadFiles.obj
 0001:00006e00       ?UpdateInternalList@CReadFiles@@QAEXXZ 00407e00 f   ReadFiles.obj
 0001:00007180       ??1?$vector@UWNDW_LIST_INFO@@V?$allocator@UWNDW_LIST_INFO@@@std@@@std@@QAE@XZ 00408180 f i ReadFiles.obj
 0001:000071f0       ??1?$vector@UITRN_LIST_INFO@@V?$allocator@UITRN_LIST_INFO@@@std@@@std@@QAE@XZ 004081f0 f i ReadFiles.obj
 0001:00007260       ??1?$vector@UCSUM_LIST_INFO@@V?$allocator@UCSUM_LIST_INFO@@@std@@@std@@QAE@XZ 00408260 f i ReadFiles.obj
 0001:000072d0       ??1?$vector@UDUMP_LIST_INFO@@V?$allocator@UDUMP_LIST_INFO@@@std@@@std@@QAE@XZ 004082d0 f i ReadFiles.obj
 0001:00007340       ??$_Emplace_reallocate@ABUWNDW_LIST_INFO@@@?$vector@UWNDW_LIST_INFO@@V?$allocator@UWNDW_LIST_INFO@@@std@@@std@@AAEPAUWNDW_LIST_INFO@@QAU2@ABU2@@Z 00408340 f i ReadFiles.obj
 0001:00007520       ??$_Emplace_reallocate@ABUITRN_LIST_INFO@@@?$vector@UITRN_LIST_INFO@@V?$allocator@UITRN_LIST_INFO@@@std@@@std@@AAEPAUITRN_LIST_INFO@@QAU2@ABU2@@Z 00408520 f i ReadFiles.obj
 0001:000076e0       ??$_Emplace_reallocate@ABUCSUM_LIST_INFO@@@?$vector@UCSUM_LIST_INFO@@V?$allocator@UCSUM_LIST_INFO@@@std@@@std@@AAEPAUCSUM_LIST_INFO@@QAU2@ABU2@@Z 004086e0 f i ReadFiles.obj
 0001:000078a0       ??$_Emplace_reallocate@ABUDUMP_LIST_INFO@@@?$vector@UDUMP_LIST_INFO@@V?$allocator@UDUMP_LIST_INFO@@@std@@@std@@AAEPAUDUMP_LIST_INFO@@QAU2@ABU2@@Z 004088a0 f i ReadFiles.obj
 0001:00007a80       ??_ECServerDisplayer@@UAEPAXI@Z 00408a80 f i * CIL library *:* CIL module *
 0001:00007a80       ??_GCServerDisplayer@@UAEPAXI@Z 00408a80 f i ServerDisplayer.obj
 0001:00007ac0       ?PaintAllInfo@CServerDisplayer@@QAEXXZ 00408ac0 f   ServerDisplayer.obj
 0001:00007c20       ??_ECServerInfo@@UAEPAXI@Z 00408c20 f i * CIL library *:* CIL module *
 0001:00007c20       ??_GCServerInfo@@UAEPAXI@Z 00408c20 f i ServerInfo.obj
 0001:00007c50       ?ReadConfig@CServerInfo@@QAEXPAD0@Z 00408c50 f   ServerInfo.obj
 0001:00007f90       ??_ECSocketManager@@UAEPAXI@Z 00408f90 f i * CIL library *:* CIL module *
 0001:00007f90       ??_GCSocketManager@@UAEPAXI@Z 00408f90 f i SocketManager.obj
 0001:00008040       ?Start@CSocketManager@@QAE_NG@Z 00409040 f   SocketManager.obj
 0001:00008300       ?Clean@CSocketManager@@QAEXXZ 00409300 f   SocketManager.obj
 0001:000083d0       ?DataRecv@CSocketManager@@QAE_NHPAUIO_MAIN_BUFFER@@@Z 004093d0 f   SocketManager.obj
 0001:000085f0       ?DataSend@CSocketManager@@QAE_NHPAEH@Z 004095f0 f   SocketManager.obj
 0001:00008810       ?Disconnect@CSocketManager@@QAEXH@Z 00409810 f   SocketManager.obj
 0001:000088b0       ?OnSend@CSocketManager@@QAEXHKPAUIO_SEND_CONTEXT@@@Z 004098b0 f   SocketManager.obj
 0001:00008a60       ?ServerAcceptCondition@CSocketManager@@SGHPAU_WSABUF@@0PAU_QualityOfService@@100PAIPAV1@@Z 00409a60 f   SocketManager.obj
 0001:00008b40       ?ServerAcceptThread@CSocketManager@@SGKPAV1@@Z 00409b40 f   SocketManager.obj
 0001:00008ed0       ?ServerWorkerThread@CSocketManager@@SGKPAV1@@Z 00409ed0 f   SocketManager.obj
 0001:00009080       ?ServerQueueThread@CSocketManager@@SGKPAV1@@Z 0040a080 f   SocketManager.obj
 0001:00009220       ?ErrorMessageBox@@YAXPADZZ 0040a220 f   Util.obj
 0001:000092a0       ?LogAdd@@YAXW4eLogColor@@PADZZ 0040a2a0 f   Util.obj
 0001:000093e0       ?GetUserCount@@YAHXZ       0040a3e0 f   Util.obj
 0001:00009420       ?PacketDecryptData@@YAXPAEHE@Z 0040a420 f   Util.obj
 0001:000094d0       ?PacketEncryptData@@YAXPAEHE@Z 0040a4d0 f   Util.obj
 0001:00009580       ?GetCurrentVersion@@YAKXZ  0040a580 f   Util.obj
 0001:00009630       ??$sprintf_s@$09@@YAHAAY09DPBDZZ 0040a630 f i Util.obj
 0001:0000964b       ??0bad_alloc@std@@QAE@XZ   0040a64b f i libcpmt:xthrow.obj
 0001:00009663       ??0exception@std@@QAE@QBD@Z 0040a663 f i libcpmt:xthrow.obj
 0001:00009698       ??0length_error@std@@QAE@ABV01@@Z 0040a698 f i libcpmt:xthrow.obj
 0001:000096b3       ??0length_error@std@@QAE@PBD@Z 0040a6b3 f i libcpmt:xthrow.obj
 0001:000096d2       ??0logic_error@std@@QAE@ABV01@@Z 0040a6d2 f i libcpmt:xthrow.obj
 0001:000096ed       ??_Ebad_exception@std@@UAEPAXI@Z 0040a6ed f i libvcruntime:frame.obj
 0001:000096ed       ??_Elength_error@std@@UAEPAXI@Z 0040a6ed f i libcpmt:xthrow.obj
 0001:000096ed       ??_Elogic_error@std@@UAEPAXI@Z 0040a6ed f i libcpmt:xthrow.obj
 0001:000096ed       ??_Gbad_exception@std@@UAEPAXI@Z 0040a6ed f i libvcruntime:frame.obj
 0001:000096ed       ??_Glength_error@std@@UAEPAXI@Z 0040a6ed f i libcpmt:xthrow.obj
 0001:000096ed       ??_Glogic_error@std@@UAEPAXI@Z 0040a6ed f i libcpmt:xthrow.obj
 0001:0000971a       ?_Xlength_error@std@@YAXPBD@Z 0040a71a f   libcpmt:xthrow.obj
 0001:0000973a       @__security_check_cookie@4 0040a73a f   LIBCMT:secchk.obj
 0001:0000978c       ___scrt_acquire_startup_lock 0040a78c f   LIBCMT:utility.obj
 0001:000097be       ___scrt_initialize_crt     0040a7be f   LIBCMT:utility.obj
 0001:000097f7       ___scrt_initialize_onexit_tables 0040a7f7 f   LIBCMT:utility.obj
 0001:0000987e       ___scrt_is_nonwritable_in_current_image 0040a87e f   LIBCMT:utility.obj
 0001:00009912       ___scrt_release_startup_lock 0040a912 f   LIBCMT:utility.obj
 0001:0000992f       ___scrt_uninitialize_crt   0040a92f f   LIBCMT:utility.obj
 0001:00009957       __onexit                   0040a957 f   LIBCMT:utility.obj
 0001:00009984       _atexit                    0040a984 f   LIBCMT:utility.obj
 0001:00009999       ??3@YAXPAXI@Z              0040a999 f   LIBCMT:delete_scalar_size.obj
 0001:000099a7       ??_Etype_info@@UAEPAXI@Z   0040a9a7 f i LIBCMT:std_type_info_static.obj
 0001:000099a7       ??_Gtype_info@@UAEPAXI@Z   0040a9a7 f i LIBCMT:std_type_info_static.obj
 0001:000099ca       ??2@YAPAXI@Z               0040a9ca f   LIBCMT:new_scalar.obj
 0001:000099fa       ??_L@YGXPAXIIP6EX0@Z1@Z    0040a9fa f   LIBCMT:ehvecctr.obj
 0001:00009a6e       ??_M@YGXPAXIIP6EX0@Z@Z     0040aa6e f   LIBCMT:ehvecdtr.obj
 0001:00009af3       ?__ArrayUnwind@@YGXPAXIIP6EX0@Z@Z 0040aaf3 f   LIBCMT:ehvecdtr.obj
 0001:00009b83       ___raise_securityfailure   0040ab83 f   LIBCMT:gs_report.obj
 0001:00009bab       ___report_gsfailure        0040abab f   LIBCMT:gs_report.obj
 0001:00009ca5       ___report_rangecheckfailure 0040aca5 f   LIBCMT:gs_report.obj
 0001:00009cb1       ___report_securityfailure  0040acb1 f   LIBCMT:gs_report.obj
 0001:00009d80       ??_V@YAXPAX@Z              0040ad80 f   LIBCMT:delete_array.obj
 0001:00009d85       ??_U@YAPAXI@Z              0040ad85 f   LIBCMT:new_array.obj
 0001:00009fcf       _WinMainCRTStartup         0040afcf f   LIBCMT:exe_winmain.obj
 0001:00009fd9       ___isa_available_init      0040afd9 f   LIBCMT:cpu_disp.obj
 0001:0000a1ad       __get_startup_argv_mode    0040b1ad f   LIBCMT:argv_mode.obj
 0001:0000a1b1       ___scrt_is_ucrt_dll_in_use 0040b1b1 f   LIBCMT:ucrt_detection.obj
 0001:0000a1bd       ___scrt_fastfail           0040b1bd f   LIBCMT:utility_desktop.obj
 0001:0000a2d8       ___scrt_get_show_window_mode 0040b2d8 f   LIBCMT:utility_desktop.obj
 0001:0000a309       ___scrt_initialize_mta     0040b309 f   LIBCMT:utility_desktop.obj
 0001:0000a30e       ___scrt_exe_initialize_mta 0040b30e f   LIBCMT:utility_desktop.obj
 0001:0000a30e       ___scrt_initialize_winrt   0040b30e f   LIBCMT:utility_desktop.obj
 0001:0000a30e       ___scrt_stub_for_initialize_mta 0040b30e f   LIBCMT:utility_desktop.obj
 0001:0000a30e       __get_startup_commit_mode  0040b30e f   LIBCMT:commit_mode.obj
 0001:0000a30e       __get_startup_new_mode     0040b30e f   LIBCMT:new_mode.obj
 0001:0000a30e       __get_startup_thread_locale_mode 0040b30e f   LIBCMT:thread_locale.obj
 0001:0000a30e       __matherr                  0040b30e f   LIBCMT:matherr.obj
 0001:0000a311       ___scrt_is_managed_app     0040b311 f   LIBCMT:utility_desktop.obj
 0001:0000a353       ___scrt_set_unhandled_exception_filter 0040b353 f   LIBCMT:utility_desktop.obj
 0001:0000a35f       ___scrt_unhandled_exception_filter@4 0040b35f f   LIBCMT:utility_desktop.obj
 0001:0000a3b5       __crt_debugger_hook        0040b3b5 f   LIBCMT:utility_desktop.obj
 0001:0000a3c0       __SEH_prolog4              0040b3c0 f   LIBCMT:sehprolg4.obj
 0001:0000a405       @_guard_check_icall_nop@4  0040b405 f i LIBCMT:guard_support.obj
 0001:0000a405       __initialize_denormal_control 0040b405 f i LIBCMT:denormal_control.obj
 0001:0000a405       __initialize_invalid_parameter_handler 0040b405 f i LIBCMT:invalid_parameter_handler.obj
 0001:0000a408       ??3@YAXPAX@Z               0040b408 f   LIBCMT:delete_scalar.obj
 0001:0000a40d       ?__scrt_throw_std_bad_alloc@@YAXXZ 0040b40d f   LIBCMT:throw_bad_alloc.obj
 0001:0000a477       ___security_init_cookie    0040b477 f   LIBCMT:gs_support.obj
 0001:0000a4c2       __get_startup_file_mode    0040b4c2 f   LIBCMT:file_mode.obj
 0001:0000a4c8       ?__scrt_initialize_type_info@@YAXXZ 0040b4c8 f   LIBCMT:tncleanup.obj
 0001:0000a4d4       ___acrt_uninitialize_command_line 0040b4d4 f   libucrt:argv_data.obj
 0001:0000a4d4       __should_initialize_environment 0040b4d4 f   LIBCMT:env_mode.obj
 0001:0000a4d7       __initialize_default_precision 0040b4d7 f   LIBCMT:default_precision.obj
 0001:0000a4f8       ___scrt_initialize_default_local_stdio_options 0040b4f8 f   LIBCMT:default_local_stdio_options.obj
 0001:0000a515       ___scrt_is_user_matherr_present 0040b515 f   LIBCMT:matherr_detection.obj
 0001:0000a521       ___scrt_get_dyn_tls_init_callback 0040b521 f   LIBCMT:dyn_tls_init.obj
 0001:0000a527       ___scrt_get_dyn_tls_dtor_callback 0040b527 f   LIBCMT:dyn_tls_dtor.obj
 0001:0000a52d       __RTC_Initialize           0040b52d f   LIBCMT:initsect.obj
 0001:0000a559       __RTC_Terminate            0040b559 f   LIBCMT:initsect.obj
 0001:0000a585       ?GetRangeOfTrysToCheck@__FrameHandler3@@SA?AU?$pair@Viterator@TryBlockMap@__FrameHandler3@@V123@@std@@AAVTryBlockMap@1@HPAXPBU_s_FuncInfo@@H@Z 0040b585 f   libvcruntime:trnsctrl.obj
 0001:0000a5f5       ?_CallCatchBlock2@@YAPAXPAUEHRegistrationNode@@PBU_s_FuncInfo@@PAXHK@Z 0040b5f5 f   libvcruntime:trnsctrl.obj
 0001:0000a652       ?_CallSETranslator@@YAHPAUEHExceptionRecord@@PAUEHRegistrationNode@@PAX2PBU_s_FuncInfo@@H1@Z 0040b652 f   libvcruntime:trnsctrl.obj
 0001:0000a748       ?_JumpToContinuation@@YGXPAXPAUEHRegistrationNode@@@Z 0040b748 f   libvcruntime:trnsctrl.obj
 0001:0000a778       ?_UnwindNestedFrames@@YGXPAUEHRegistrationNode@@PAUEHExceptionRecord@@@Z 0040b778 f   libvcruntime:trnsctrl.obj
 0001:0000a7cb       __CatchGuardHandler        0040b7cb f   libvcruntime:trnsctrl.obj
 0001:0000a7fc       __CreateFrameInfo          0040b7fc f   libvcruntime:trnsctrl.obj
 0001:0000a820       __FindAndUnlinkFrame       0040b820 f   libvcruntime:trnsctrl.obj
 0001:0000a868       __TranslatorGuardHandler   0040b868 f   libvcruntime:trnsctrl.obj
 0001:0000a905       ___CxxFrameHandler3        0040b905 f   libvcruntime:trnsctrl.obj
 0001:0000a93b       ___DestructExceptionObject 0040b93b f   libvcruntime:ehhelpers.obj
 0001:0000a9dc       ?_CallMemberFunction0@@YGXQAX0@Z 0040b9dc f i libvcruntime:ehhelpers.obj
 0001:0000aa41       __IsExceptionObjectToBeDestroyed 0040ba41 f   libvcruntime:ehhelpers.obj
 0001:0000aa67       ___AdjustPointer           0040ba67 f   libvcruntime:ehhelpers.obj
 0001:0000aa8c       ___FrameUnwindFilter       0040ba8c f   libvcruntime:ehhelpers.obj
 0001:0000aae2       ___current_exception       0040bae2 f   libvcruntime:ehhelpers.obj
 0001:0000aaeb       ___current_exception_context 0040baeb f   libvcruntime:ehhelpers.obj
 0001:0000aaf4       ___std_terminate           0040baf4 f   libvcruntime:ehhelpers.obj
 0001:0000aaf9       ___std_exception_copy      0040baf9 f   libvcruntime:std_exception.obj
 0001:0000ab5c       ___std_exception_destroy   0040bb5c f   libvcruntime:std_exception.obj
 0001:0000ab80       _strstr                    0040bb80 f   libvcruntime:strstr.obj
 0001:0000adf0       _strchr                    0040bdf0 f   libvcruntime:strchr.obj
 0001:0000ae5e       ___from_strstr_to_strchr   0040be5e     libvcruntime:strchr.obj
 0001:0000af1b       __CxxThrowException@8      0040bf1b f   libvcruntime:throw.obj
 0001:0000af87       ___vcrt_initialize         0040bf87 f   libvcruntime:initialization.obj
 0001:0000afa6       ___vcrt_uninitialize       0040bfa6 f   libvcruntime:initialization.obj
 0001:0000b000       __except_handler4          0040c000 f   libvcruntime:chandler4.obj
 0001:0000b160       _memset                    0040c160 f   libvcruntime:memset.obj
 0001:0000b2ba       ___std_type_info_compare   0040c2ba f   libvcruntime:std_type_info.obj
 0001:0000b2f6       ___vcrt_freefls@4          0040c2f6 f   libvcruntime:per_thread_data.obj
 0001:0000b312       ___vcrt_getptd             0040c312 f   libvcruntime:per_thread_data.obj
 0001:0000b320       ___vcrt_getptd_noexit      0040c320 f   libvcruntime:per_thread_data.obj
 0001:0000b3b2       ___vcrt_initialize_ptd     0040c3b2 f   libvcruntime:per_thread_data.obj
 0001:0000b3e5       ___vcrt_uninitialize_ptd   0040c3e5 f   libvcruntime:per_thread_data.obj
 0001:0000bb32       ??$TypeMatchHelper@V__FrameHandler3@@@@YAHPBU_s_HandlerType@@PBU_s_CatchableType@@PBU_s_ThrowInfo@@@Z 0040cb32 f i libvcruntime:frame.obj
 0001:0000bbc0       ??$__InternalCxxFrameHandler@V__FrameHandler3@@@@YA?AW4_EXCEPTION_DISPOSITION@@PAUEHExceptionRecord@@PAUEHRegistrationNode@@PAU_CONTEXT@@PAXPBU_s_FuncInfo@@H1E@Z 0040cbc0 f i libvcruntime:frame.obj
 0001:0000bcc2       ??$__InternalCxxFrameHandlerWrapper@V__FrameHandler3@@@@YA?AW4_EXCEPTION_DISPOSITION@@PAUEHExceptionRecord@@PAUEHRegistrationNode@@PAU_CONTEXT@@PAXPBU_s_FuncInfo@@H1E@Z 0040ccc2 f i libvcruntime:frame.obj
 0001:0000bccb       ??0bad_exception@std@@QAE@ABV01@@Z 0040cccb f i libvcruntime:frame.obj
 0001:0000bce6       ??0bad_exception@std@@QAE@XZ 0040cce6 f i libvcruntime:frame.obj
 0001:0000bcfe       ??8type_info@@QBE_NABV0@@Z 0040ccfe f i libvcruntime:frame.obj
 0001:0000bf75       ?FrameUnwindToEmptyState@__FrameHandler3@@SAXPAUEHRegistrationNode@@PAXPBU_s_FuncInfo@@@Z 0040cf75 f   libvcruntime:frame.obj
 0001:0000bf8d       ?FrameUnwindToState@__FrameHandler3@@SAXPAUEHRegistrationNode@@PAXPBU_s_FuncInfo@@H@Z 0040cf8d f   libvcruntime:frame.obj
 0001:0000c10f       ?_CallMemberFunction1@@YGXQAX00@Z 0040d10f f i libvcruntime:frame.obj
 0001:0000c11f       ?_CallMemberFunction2@@YGXQAX00H@Z 0040d11f f i libvcruntime:frame.obj
 0001:0000c132       ?getESTypes@__FrameHandler3@@SAPBU_s_ESTypeList@@PBU_s_FuncInfo@@@Z 0040d132 f i libvcruntime:frame.obj
 0001:0000c140       __CallSettingFrame@12      0040d140 f   libvcruntime:lowhelpr.obj
 0001:0000c167       __NLG_Return               0040d167     libvcruntime:lowhelpr.obj
 0001:0000c18c       ___except_validate_context_record 0040d18c f   libvcruntime:jbcxrval.obj
 0001:0000c1bc       ___vcrt_initialize_locks   0040d1bc f   libvcruntime:locks.obj
 0001:0000c1f8       ___vcrt_uninitialize_locks 0040d1f8 f   libvcruntime:locks.obj
 0001:0000c230       __local_unwind4            0040d230 f   libvcruntime:exsup4.obj
 0001:0000c320       @_EH4_CallFilterFunc@8     0040d320 f   libvcruntime:exsup4.obj
 0001:0000c340       @_EH4_TransferToHandler@8  0040d340 f   libvcruntime:exsup4.obj
 0001:0000c360       @_EH4_GlobalUnwind2@8      0040d360 f   libvcruntime:exsup4.obj
 0001:0000c380       @_EH4_LocalUnwind@16       0040d380 f   libvcruntime:exsup4.obj
 0001:0000c482       ___vcrt_FlsAlloc           0040d482 f   libvcruntime:winapi_downlevel.obj
 0001:0000c4bd       ___vcrt_FlsFree            0040d4bd f   libvcruntime:winapi_downlevel.obj
 0001:0000c4f8       ___vcrt_FlsGetValue        0040d4f8 f   libvcruntime:winapi_downlevel.obj
 0001:0000c533       ___vcrt_FlsSetValue        0040d533 f   libvcruntime:winapi_downlevel.obj
 0001:0000c571       ___vcrt_InitializeCriticalSectionEx 0040d571 f   libvcruntime:winapi_downlevel.obj
 0001:0000c5b8       _unexpected                0040d5b8 f   libvcruntime:unexpected.obj
 0001:0000c5d5       ?GetCurrentState@__FrameHandler3@@SAHPAUEHRegistrationNode@@PAXPBU_s_FuncInfo@@@Z 0040d5d5 f   libvcruntime:ehstate.obj
 0001:0000c5f2       ?SetState@__FrameHandler3@@SAXPAUEHRegistrationNode@@PBU_s_FuncInfo@@H@Z 0040d5f2 f   libvcruntime:ehstate.obj
 0001:0000c600       _memcpy                    0040d600 f   libvcruntime:memcpy.obj
 0001:0000c600       _memmove                   0040d600 f   libvcruntime:memmove.obj
 0001:0000cb80       __NLG_Notify1              0040db80 f   libvcruntime:exsup.obj
 0001:0000cb90       __NLG_Notify               0040db90 f   libvcruntime:exsup.obj
 0001:0000cba7       __NLG_Dispatch             0040dba7     libvcruntime:exsup.obj
 0001:0000cba7       __NLG_Dispatch2            0040dba7     libvcruntime:exsup.obj
 0001:0000cbb0       __NLG_Call                 0040dbb0 f   libvcruntime:exsup.obj
 0001:0000cbb2       __NLG_Return2              0040dbb2     libvcruntime:exsup.obj
 0001:0000cbc0       _rand                      0040dbc0 f   libucrt:rand.obj
 0001:0000cbe1       _strcpy_s                  0040dbe1 f   libucrt:strcpy_s.obj
 0001:0000cc3b       ??0__crt_cached_ptd_host@@QAE@QAU__crt_locale_pointers@@@Z 0040dc3b f i libucrt:invalid_parameter.obj
 0001:0000cc83       ??1__crt_cached_ptd_host@@QAE@XZ 0040dc83 f i libucrt:invalid_parameter.obj
 0001:0000ccbf       ?check_synchronize_global_state_index@__crt_cached_ptd_host@@AAEIXZ 0040dcbf f i libucrt:invalid_parameter.obj
 0001:0000cce8       ?force_synchronize_per_thread_data@__crt_cached_ptd_host@@AAEPAU__acrt_ptd@@XZ 0040dce8 f i libucrt:invalid_parameter.obj
 0001:0000cd2e       ?get_raw_ptd@__crt_cached_ptd_host@@QAEPAU__acrt_ptd@@XZ 0040dd2e f i libucrt:invalid_parameter.obj
 0001:0000cd4b       ___acrt_call_reportfault   0040dd4b f   libucrt:invalid_parameter.obj
 0001:0000ce84       ___acrt_initialize_invalid_parameter_handler 0040de84 f   libucrt:invalid_parameter.obj
 0001:0000ce93       __invalid_parameter        0040de93 f   libucrt:invalid_parameter.obj
 0001:0000ceca       __invalid_parameter_internal 0040deca f   libucrt:invalid_parameter.obj
 0001:0000cf47       __invalid_parameter_noinfo 0040df47 f   libucrt:invalid_parameter.obj
 0001:0000cf57       __invalid_parameter_noinfo_noreturn 0040df57 f   libucrt:invalid_parameter.obj
 0001:0000cf74       __invoke_watson            0040df74 f   libucrt:invalid_parameter.obj
 0001:0000d05f       _fopen_s                   0040e05f f   libucrt:fopen.obj
 0001:0000d0a6       _malloc                    0040e0a6 f   libucrt:malloc.obj
 0001:0000d1d6       _fclose                    0040e1d6 f   libucrt:fclose.obj
 0001:0000d206       __fread_nolock_s           0040e206 f   libucrt:fread.obj
 0001:0000d3ec       _fread                     0040e3ec f   libucrt:fread.obj
 0001:0000d409       _fread_s                   0040e409 f   libucrt:fread.obj
 0001:0000d527       _free                      0040e527 f   libucrt:free.obj
 0001:0000d542       ___acrt_strtok_s_novalidation 0040e542 f   libucrt:strtok_s.obj
 0001:0000d647       _strtok_s                  0040e647 f   libucrt:strtok_s.obj
 0001:0000d689       ??$is_overflow_condition@K@__crt_strtox@@YA_NIK@Z 0040e689 f i libucrt:atox.obj
 0001:0000d6ba       ??$is_overflow_condition@_K@__crt_strtox@@YA_NI_K@Z 0040e6ba f i libucrt:atox.obj
 0001:0000d6fb       ??$parse_integer@KV?$c_string_character_source@D@__crt_strtox@@$00@__crt_strtox@@YAKAAV__crt_cached_ptd_host@@V?$c_string_character_source@D@0@H_N@Z 0040e6fb f i libucrt:atox.obj
 0001:0000d942       ??$parse_integer@KV?$c_string_character_source@_W@__crt_strtox@@$00@__crt_strtox@@YAKAAV__crt_cached_ptd_host@@V?$c_string_character_source@_W@0@H_N@Z 0040e942 f i libucrt:atox.obj
 0001:0000df4c       ??$parse_integer@_KV?$c_string_character_source@D@__crt_strtox@@$00@__crt_strtox@@YA_KAAV__crt_cached_ptd_host@@V?$c_string_character_source@D@0@H_N@Z 0040ef4c f i libucrt:atox.obj
 0001:0000e214       ?unget@?$c_string_character_source@D@__crt_strtox@@QAEXD@Z 0040f214 f i libucrt:atox.obj
 0001:0000e23d       ?unget@?$c_string_character_source@_W@__crt_strtox@@QAEX_W@Z 0040f23d f i libucrt:atox.obj
 0001:0000e270       ?update_locale_slow@__crt_cached_ptd_host@@AAEXXZ 0040f270 f i libucrt:atox.obj
 0001:0000e2cb       ?validate@?$c_string_character_source@D@__crt_strtox@@QBE_NXZ 0040f2cb f i libucrt:atox.obj
 0001:0000e2cb       ?validate@?$c_string_character_source@_W@__crt_strtox@@QBE_NXZ 0040f2cb f i libucrt:atox.obj
 0001:0000e2e6       ___acrt_locale_get_ctype_array_value 0040f2e6 f i libucrt:atox.obj
 0001:0000e308       __ischartype_l             0040f308 f i libucrt:atox.obj
 0001:0000e35f       _atoi                      0040f35f f   libucrt:atox.obj
 0001:0000e725       ??$count@D@formatting_buffer@__crt_stdio_output@@QBEIXZ 0040f725 f i libucrt:output.obj
 0001:0000e73d       ??$ensure_buffer_is_big_enough@D@formatting_buffer@__crt_stdio_output@@QAE_NIAAV__crt_cached_ptd_host@@@Z 0040f73d f i libucrt:output.obj
 0001:0000e7be       ??$is_wide_character_specifier@D@__crt_stdio_output@@YA_N_KDW4length_modifier@0@@Z 0040f7be f i libucrt:output.obj
 0001:0000e7ef       ??$make_c_string_character_source@DPAPAD@__crt_strtox@@YA?AV?$c_string_character_source@D@0@QBDQAPAD@Z 0040f7ef f i libucrt:output.obj
 0001:0000e7ef       ??$make_c_string_character_source@_WPAPA_W@__crt_strtox@@YA?AV?$c_string_character_source@_W@0@QB_WQAPA_W@Z 0040f7ef f i libucrt:output.obj
 0001:0000e80a       ??$parse_integer@KV?$c_string_character_source@D@__crt_strtox@@$0A@@__crt_strtox@@YAKAAV__crt_cached_ptd_host@@V?$c_string_character_source@D@0@H_N@Z 0040f80a f i libucrt:output.obj
 0001:0000ea19       ??$scratch_data@D@formatting_buffer@__crt_stdio_output@@QAEPADXZ 0040fa19 f i libucrt:output.obj
 0001:0000ea37       ??$type_case_integer@$07@?$output_processor@DV?$string_output_adapter@D@__crt_stdio_output@@V?$format_validation_base@DV?$string_output_adapter@D@__crt_stdio_output@@@2@@__crt_stdio_output@@AAE_N_N@Z 0040fa37 f i libucrt:output.obj
 0001:0000ea37       ??$type_case_integer@$07@?$output_processor@DV?$string_output_adapter@D@__crt_stdio_output@@V?$standard_base@DV?$string_output_adapter@D@__crt_stdio_output@@@2@@__crt_stdio_output@@AAE_N_N@Z 0040fa37 f i libucrt:output.obj
 0001:0000ebb4       ??$type_case_integer@$09@?$output_processor@DV?$string_output_adapter@D@__crt_stdio_output@@V?$format_validation_base@DV?$string_output_adapter@D@__crt_stdio_output@@@2@@__crt_stdio_output@@AAE_N_N@Z 0040fbb4 f i libucrt:output.obj
 0001:0000ebb4       ??$type_case_integer@$09@?$output_processor@DV?$string_output_adapter@D@__crt_stdio_output@@V?$standard_base@DV?$string_output_adapter@D@__crt_stdio_output@@@2@@__crt_stdio_output@@AAE_N_N@Z 0040fbb4 f i libucrt:output.obj
 0001:0000ed31       ??$type_case_integer@$0BA@@?$output_processor@DV?$string_output_adapter@D@__crt_stdio_output@@V?$format_validation_base@DV?$string_output_adapter@D@__crt_stdio_output@@@2@@__crt_stdio_output@@AAE_N_N@Z 0040fd31 f i libucrt:output.obj
 0001:0000ed31       ??$type_case_integer@$0BA@@?$output_processor@DV?$string_output_adapter@D@__crt_stdio_output@@V?$standard_base@DV?$string_output_adapter@D@__crt_stdio_output@@@2@@__crt_stdio_output@@AAE_N_N@Z 0040fd31 f i libucrt:output.obj
 0001:0000eeae       ??$type_case_integer_parse_into_buffer@I$07@?$output_processor@DV?$string_output_adapter@D@__crt_stdio_output@@V?$format_validation_base@DV?$string_output_adapter@D@__crt_stdio_output@@@2@@__crt_stdio_output@@AAEXI_N@Z 0040feae f i libucrt:output.obj
 0001:0000eeae       ??$type_case_integer_parse_into_buffer@I$07@?$output_processor@DV?$string_output_adapter@D@__crt_stdio_output@@V?$standard_base@DV?$string_output_adapter@D@__crt_stdio_output@@@2@@__crt_stdio_output@@AAEXI_N@Z 0040feae f i libucrt:output.obj
 0001:0000ef18       ??$type_case_integer_parse_into_buffer@I$09@?$output_processor@DV?$string_output_adapter@D@__crt_stdio_output@@V?$format_validation_base@DV?$string_output_adapter@D@__crt_stdio_output@@@2@@__crt_stdio_output@@AAEXI_N@Z 0040ff18 f i libucrt:output.obj
 0001:0000ef18       ??$type_case_integer_parse_into_buffer@I$09@?$output_processor@DV?$string_output_adapter@D@__crt_stdio_output@@V?$standard_base@DV?$string_output_adapter@D@__crt_stdio_output@@@2@@__crt_stdio_output@@AAEXI_N@Z 0040ff18 f i libucrt:output.obj
 0001:0000ef92       ??$type_case_integer_parse_into_buffer@I$0BA@@?$output_processor@DV?$string_output_adapter@D@__crt_stdio_output@@V?$format_validation_base@DV?$string_output_adapter@D@__crt_stdio_output@@@2@@__crt_stdio_output@@AAEXI_N@Z 0040ff92 f i libucrt:output.obj
 0001:0000ef92       ??$type_case_integer_parse_into_buffer@I$0BA@@?$output_processor@DV?$string_output_adapter@D@__crt_stdio_output@@V?$standard_base@DV?$string_output_adapter@D@__crt_stdio_output@@@2@@__crt_stdio_output@@AAEXI_N@Z 0040ff92 f i libucrt:output.obj
 0001:0000f01a       ??$type_case_integer_parse_into_buffer@_K$07@?$output_processor@DV?$string_output_adapter@D@__crt_stdio_output@@V?$format_validation_base@DV?$string_output_adapter@D@__crt_stdio_output@@@2@@__crt_stdio_output@@AAEX_K_N@Z 0041001a f i libucrt:output.obj
 0001:0000f01a       ??$type_case_integer_parse_into_buffer@_K$07@?$output_processor@DV?$string_output_adapter@D@__crt_stdio_output@@V?$standard_base@DV?$string_output_adapter@D@__crt_stdio_output@@@2@@__crt_stdio_output@@AAEX_K_N@Z 0041001a f i libucrt:output.obj
 0001:0000f092       ??$type_case_integer_parse_into_buffer@_K$09@?$output_processor@DV?$string_output_adapter@D@__crt_stdio_output@@V?$format_validation_base@DV?$string_output_adapter@D@__crt_stdio_output@@@2@@__crt_stdio_output@@AAEX_K_N@Z 00410092 f i libucrt:output.obj
 0001:0000f092       ??$type_case_integer_parse_into_buffer@_K$09@?$output_processor@DV?$string_output_adapter@D@__crt_stdio_output@@V?$standard_base@DV?$string_output_adapter@D@__crt_stdio_output@@@2@@__crt_stdio_output@@AAEX_K_N@Z 00410092 f i libucrt:output.obj
 0001:0000f12e       ??$type_case_integer_parse_into_buffer@_K$0BA@@?$output_processor@DV?$string_output_adapter@D@__crt_stdio_output@@V?$format_validation_base@DV?$string_output_adapter@D@__crt_stdio_output@@@2@@__crt_stdio_output@@AAEX_K_N@Z 0041012e f i libucrt:output.obj
 0001:0000f12e       ??$type_case_integer_parse_into_buffer@_K$0BA@@?$output_processor@DV?$string_output_adapter@D@__crt_stdio_output@@V?$standard_base@DV?$string_output_adapter@D@__crt_stdio_output@@@2@@__crt_stdio_output@@AAEX_K_N@Z 0041012e f i libucrt:output.obj
 0001:0000f1c0       ??0?$output_adapter_data@DV?$string_output_adapter@D@__crt_stdio_output@@@__crt_stdio_output@@IAE@ABV?$string_output_adapter@D@1@_KQBDAAV__crt_cached_ptd_host@@QAD@Z 004101c0 f i libucrt:output.obj
 0001:0000f227       ??1formatting_buffer@__crt_stdio_output@@QAE@XZ 00410227 f i libucrt:output.obj
 0001:0000f241       ??4?$__crt_unique_heap_ptr@DU__crt_internal_free_policy@@@@QAEAAV0@$$QAV0@@Z 00410241 f i libucrt:output.obj
 0001:0000f265       ?crop_zeroes@__crt_stdio_output@@YAXPADQAU__crt_locale_pointers@@@Z 00410265 f i libucrt:output.obj
 0001:0000f2c5       ?find_next_state@?$output_processor@DV?$string_output_adapter@D@__crt_stdio_output@@V?$format_validation_base@DV?$string_output_adapter@D@__crt_stdio_output@@@2@@__crt_stdio_output@@ABE?AW4state@2@DW432@@Z 004102c5 f i libucrt:output.obj
 0001:0000f302       ?find_next_state@?$output_processor@DV?$string_output_adapter@D@__crt_stdio_output@@V?$standard_base@DV?$string_output_adapter@D@__crt_stdio_output@@@2@@__crt_stdio_output@@ABE?AW4state@2@DW432@@Z 00410302 f i libucrt:output.obj
 0001:0000f33d       ?force_decimal_point@__crt_stdio_output@@YAXPADQAU__crt_locale_pointers@@@Z 0041033d f i libucrt:output.obj
 0001:0000f399       ?parse_int_from_format_string@?$output_processor@DV?$string_output_adapter@D@__crt_stdio_output@@V?$format_validation_base@DV?$string_output_adapter@D@__crt_stdio_output@@@2@@__crt_stdio_output@@AAE_NQAH@Z 00410399 f i libucrt:output.obj
 0001:0000f399       ?parse_int_from_format_string@?$output_processor@DV?$string_output_adapter@D@__crt_stdio_output@@V?$standard_base@DV?$string_output_adapter@D@__crt_stdio_output@@@2@@__crt_stdio_output@@AAE_NQAH@Z 00410399 f i libucrt:output.obj
 0001:0000f411       ?process@?$output_processor@DV?$string_output_adapter@D@__crt_stdio_output@@V?$format_validation_base@DV?$string_output_adapter@D@__crt_stdio_output@@@2@@__crt_stdio_output@@QAEHXZ 00410411 f i libucrt:output.obj
 0001:0000f6f1       ?process@?$output_processor@DV?$string_output_adapter@D@__crt_stdio_output@@V?$standard_base@DV?$string_output_adapter@D@__crt_stdio_output@@@2@@__crt_stdio_output@@QAEHXZ 004106f1 f i libucrt:output.obj
 0001:0000f9c5       ?state_case_size@?$output_processor@DV?$string_output_adapter@D@__crt_stdio_output@@V?$format_validation_base@DV?$string_output_adapter@D@__crt_stdio_output@@@2@@__crt_stdio_output@@AAE_NXZ 004109c5 f i libucrt:output.obj
 0001:0000f9c5       ?state_case_size@?$output_processor@DV?$string_output_adapter@D@__crt_stdio_output@@V?$standard_base@DV?$string_output_adapter@D@__crt_stdio_output@@@2@@__crt_stdio_output@@AAE_NXZ 004109c5 f i libucrt:output.obj
 0001:0000fb23       ?state_case_type@?$output_processor@DV?$string_output_adapter@D@__crt_stdio_output@@V?$format_validation_base@DV?$string_output_adapter@D@__crt_stdio_output@@@2@@__crt_stdio_output@@AAE_NXZ 00410b23 f i libucrt:output.obj
 0001:0000fb23       ?state_case_type@?$output_processor@DV?$string_output_adapter@D@__crt_stdio_output@@V?$standard_base@DV?$string_output_adapter@D@__crt_stdio_output@@@2@@__crt_stdio_output@@AAE_NXZ 00410b23 f i libucrt:output.obj
 0001:0000feb1       ?to_integer_size@__crt_stdio_output@@YAIW4length_modifier@1@@Z 00410eb1 f i libucrt:output.obj
 0001:0000ff05       ?type_case_Z@?$output_processor@DV?$string_output_adapter@D@__crt_stdio_output@@V?$format_validation_base@DV?$string_output_adapter@D@__crt_stdio_output@@@2@@__crt_stdio_output@@AAE_NXZ 00410f05 f i libucrt:output.obj
 0001:0000ff05       ?type_case_Z@?$output_processor@DV?$string_output_adapter@D@__crt_stdio_output@@V?$standard_base@DV?$string_output_adapter@D@__crt_stdio_output@@@2@@__crt_stdio_output@@AAE_NXZ 00410f05 f i libucrt:output.obj
 0001:0000ff5f       ?type_case_a@?$output_processor@DV?$string_output_adapter@D@__crt_stdio_output@@V?$format_validation_base@DV?$string_output_adapter@D@__crt_stdio_output@@@2@@__crt_stdio_output@@AAE_NXZ 00410f5f f i libucrt:output.obj
 0001:0000ff5f       ?type_case_a@?$output_processor@DV?$string_output_adapter@D@__crt_stdio_output@@V?$standard_base@DV?$string_output_adapter@D@__crt_stdio_output@@@2@@__crt_stdio_output@@AAE_NXZ 00410f5f f i libucrt:output.obj
 0001:000100e9       ?type_case_c_tchar@?$output_processor@DV?$string_output_adapter@D@__crt_stdio_output@@V?$format_validation_base@DV?$string_output_adapter@D@__crt_stdio_output@@@2@@__crt_stdio_output@@AAE_ND@Z 004110e9 f i libucrt:output.obj
 0001:000100e9       ?type_case_c_tchar@?$output_processor@DV?$string_output_adapter@D@__crt_stdio_output@@V?$standard_base@DV?$string_output_adapter@D@__crt_stdio_output@@@2@@__crt_stdio_output@@AAE_ND@Z 004110e9 f i libucrt:output.obj
 0001:0001017e       ?type_case_n@?$output_processor@DV?$string_output_adapter@D@__crt_stdio_output@@V?$format_validation_base@DV?$string_output_adapter@D@__crt_stdio_output@@@2@@__crt_stdio_output@@AAE_NXZ 0041117e f i libucrt:output.obj
 0001:0001017e       ?type_case_n@?$output_processor@DV?$string_output_adapter@D@__crt_stdio_output@@V?$standard_base@DV?$string_output_adapter@D@__crt_stdio_output@@@2@@__crt_stdio_output@@AAE_NXZ 0041117e f i libucrt:output.obj
 0001:00010202       ?type_case_o@?$output_processor@DV?$string_output_adapter@D@__crt_stdio_output@@V?$format_validation_base@DV?$string_output_adapter@D@__crt_stdio_output@@@2@@__crt_stdio_output@@AAE_NXZ 00411202 f i libucrt:output.obj
 0001:00010202       ?type_case_o@?$output_processor@DV?$string_output_adapter@D@__crt_stdio_output@@V?$standard_base@DV?$string_output_adapter@D@__crt_stdio_output@@@2@@__crt_stdio_output@@AAE_NXZ 00411202 f i libucrt:output.obj
 0001:0001021f       ?type_case_p@?$output_processor@DV?$string_output_adapter@D@__crt_stdio_output@@V?$format_validation_base@DV?$string_output_adapter@D@__crt_stdio_output@@@2@@__crt_stdio_output@@AAE_NXZ 0041121f f i libucrt:output.obj
 0001:0001021f       ?type_case_p@?$output_processor@DV?$string_output_adapter@D@__crt_stdio_output@@V?$standard_base@DV?$string_output_adapter@D@__crt_stdio_output@@@2@@__crt_stdio_output@@AAE_NXZ 0041121f f i libucrt:output.obj
 0001:00010235       ?type_case_s@?$output_processor@DV?$string_output_adapter@D@__crt_stdio_output@@V?$format_validation_base@DV?$string_output_adapter@D@__crt_stdio_output@@@2@@__crt_stdio_output@@AAE_NXZ 00411235 f i libucrt:output.obj
 0001:00010235       ?type_case_s@?$output_processor@DV?$string_output_adapter@D@__crt_stdio_output@@V?$standard_base@DV?$string_output_adapter@D@__crt_stdio_output@@@2@@__crt_stdio_output@@AAE_NXZ 00411235 f i libucrt:output.obj
 0001:000102a6       ?validate@?$string_output_adapter@D@__crt_stdio_output@@QBE_NAAV__crt_cached_ptd_host@@@Z 004112a6 f i libucrt:output.obj
 0001:000102d7       ?write_string@?$string_output_adapter@D@__crt_stdio_output@@QBEXQBDHQAHAAV__crt_cached_ptd_host@@@Z 004112d7 f i libucrt:output.obj
 0001:0001033e       ___stdio_common_vsprintf   0041133e f   libucrt:output.obj
 0001:0001037f       ___stdio_common_vsprintf_s 0041137f f   libucrt:output.obj
 0001:00010477       _strncpy_s                 00411477 f   libucrt:strncpy_s.obj
 0001:00010482       _strtok                    00411482 f   libucrt:strtok.obj
 0001:000104a0       _isalnum                   004114a0 f   libucrt:_ctype.obj
 0001:00010530       _isalpha                   00411530 f   libucrt:_ctype.obj
 0001:000105c0       _isdigit                   004115c0 f   libucrt:_ctype.obj
 0001:00010650       _isspace                   00411650 f   libucrt:_ctype.obj
 0001:000106d4       ??$assemble_floating_point_snan@N@__crt_strtox@@YAX_NAAN@Z 004116d4 f i libucrt:atof.obj
 0001:000106f5       ??$assemble_floating_point_value_t@M@__crt_strtox@@YA?AW4SLD_STATUS@@_NH_KAAM@Z 004116f5 f i libucrt:atof.obj
 0001:00010725       ??$assemble_floating_point_value_t@N@__crt_strtox@@YA?AW4SLD_STATUS@@_NH_KAAN@Z 00411725 f i libucrt:atof.obj
 0001:000107cb       ??$convert_decimal_string_to_floating_type@M@__crt_strtox@@YA?AW4SLD_STATUS@@ABUfloating_point_string@0@AAM@Z 004117cb f i libucrt:atof.obj
 0001:000107ec       ??$convert_decimal_string_to_floating_type@N@__crt_strtox@@YA?AW4SLD_STATUS@@ABUfloating_point_string@0@AAN@Z 004117ec f i libucrt:atof.obj
 0001:0001080d       ??$convert_hexadecimal_string_to_floating_type@M@__crt_strtox@@YA?AW4SLD_STATUS@@ABUfloating_point_string@0@AAM@Z 0041180d f i libucrt:atof.obj
 0001:0001082e       ??$convert_hexadecimal_string_to_floating_type@N@__crt_strtox@@YA?AW4SLD_STATUS@@ABUfloating_point_string@0@AAN@Z 0041182e f i libucrt:atof.obj
 0001:0001084f       ??$parse_floating_point@V?$c_string_character_source@D@__crt_strtox@@N@__crt_strtox@@YA?AW4SLD_STATUS@@QAU__crt_locale_pointers@@V?$c_string_character_source@D@0@QAN@Z 0041184f f i libucrt:atof.obj
 0001:000108cf       ??$parse_floating_point_from_source@V?$c_string_character_source@D@__crt_strtox@@@__crt_strtox@@YA?AW4floating_point_parse_result@0@QAU__crt_locale_pointers@@AAV?$c_string_character_source@D@0@AAUfloating_point_string@0@@Z 004118cf f i libucrt:atof.obj
 0001:00010cc7       ??$parse_floating_point_possible_infinity@DV?$c_string_character_source@D@__crt_strtox@@PBD@__crt_strtox@@YA?AW4floating_point_parse_result@0@AADAAV?$c_string_character_source@D@0@PBD@Z 00411cc7 f i libucrt:atof.obj
 0001:00010d7a       ??$parse_floating_point_possible_nan@DV?$c_string_character_source@D@__crt_strtox@@PBD@__crt_strtox@@YA?AW4floating_point_parse_result@0@AADAAV?$c_string_character_source@D@0@PBD@Z 00411d7a f i libucrt:atof.obj
 0001:00010e7e       ??$parse_floating_point_possible_nan_is_ind@DV?$c_string_character_source@D@__crt_strtox@@@__crt_strtox@@YA_NAADAAV?$c_string_character_source@D@0@@Z 00411e7e f i libucrt:atof.obj
 0001:00010eba       ??$parse_floating_point_possible_nan_is_snan@DV?$c_string_character_source@D@__crt_strtox@@@__crt_strtox@@YA_NAADAAV?$c_string_character_source@D@0@@Z 00411eba f i libucrt:atof.obj
 0001:00010ef6       ??$parse_floating_point_write_result@M@__crt_strtox@@YA?AW4SLD_STATUS@@W4floating_point_parse_result@0@ABUfloating_point_string@0@QAM@Z 00411ef6 f i libucrt:atof.obj
 0001:00011062       ??$parse_floating_point_write_result@N@__crt_strtox@@YA?AW4SLD_STATUS@@W4floating_point_parse_result@0@ABUfloating_point_string@0@QAN@Z 00412062 f i libucrt:atof.obj
 0001:00011186       ??0_LocaleUpdate@@QAE@QAU__crt_locale_pointers@@@Z 00412186 f i libucrt:atof.obj
 0001:00011208       ??R<lambda_32aa245da1b5b882fa96db788295c8b2>@@QBE_NXZ 00412208 f i libucrt:atof.obj
 0001:00011208       ??R<lambda_690cf26ff5d754c94c32cf642e9f01bc>@@QBE_NXZ 00412208 f i libucrt:atof.obj
 0001:00011208       ??R<lambda_e51f7abad2595a5950d3223319845217>@@QBE_NXZ 00412208 f i libucrt:atof.obj
 0001:0001122e       ?as_double@floating_point_value@__crt_strtox@@QBEAANXZ 0041222e f i libucrt:atof.obj
 0001:00011253       ?as_float@floating_point_value@__crt_strtox@@QBEAAMXZ 00412253 f i libucrt:atof.obj
 0001:00011278       ?assemble_floating_point_infinity@__crt_strtox@@YAX_NABVfloating_point_value@1@@Z 00412278 f i libucrt:atof.obj
 0001:000112b8       ?assemble_floating_point_value@__crt_strtox@@YA?AW4SLD_STATUS@@_KH_N1ABVfloating_point_value@1@@Z 004122b8 f i libucrt:atof.obj
 0001:0001160b       ?assemble_floating_point_value_from_big_integer@__crt_strtox@@YA?AW4SLD_STATUS@@ABUbig_integer@1@I_N1ABVfloating_point_value@1@@Z 0041260b f i libucrt:atof.obj
 0001:0001179d       ?assemble_floating_point_zero@__crt_strtox@@YAX_NABVfloating_point_value@1@@Z 0041279d f i libucrt:atof.obj
 0001:000117d2       ?convert_decimal_string_to_floating_type_common@__crt_strtox@@YA?AW4SLD_STATUS@@ABUfloating_point_string@1@ABVfloating_point_value@1@@Z 004127d2 f i libucrt:atof.obj
 0001:000134f1       ?convert_hexadecimal_string_to_floating_type_common@__crt_strtox@@YA?AW4SLD_STATUS@@ABUfloating_point_string@1@ABVfloating_point_value@1@@Z 004144f1 f i libucrt:atof.obj
 0001:00013597       ?denormal_mantissa_mask@floating_point_value@__crt_strtox@@QBE_KXZ 00414597 f i libucrt:atof.obj
 0001:000135b0       ?divide@__crt_strtox@@YA_KAAUbig_integer@1@ABU21@@Z 004145b0 f i libucrt:atof.obj
 0001:00013a38       ?normal_mantissa_mask@floating_point_value@__crt_strtox@@QBE_KXZ 00414a38 f i libucrt:atof.obj
 0001:00013a4f       _atof                      00414a4f f   libucrt:atof.obj
 0001:00013b16       ??$make_input_adapter_character_source@V?$string_input_adapter@D@__crt_stdio_input@@@__crt_strtox@@YA?AV?$input_adapter_character_source@V?$string_input_adapter@D@__crt_stdio_input@@@0@QAV?$string_input_adapter@D@__crt_stdio_input@@_KQA_N@Z 00414b16 f i libucrt:input.obj
 0001:00013b34       ??$parse_floating_point@V?$input_adapter_character_source@V?$string_input_adapter@D@__crt_stdio_input@@@__crt_strtox@@M@__crt_strtox@@YA?AW4SLD_STATUS@@QAU__crt_locale_pointers@@V?$input_adapter_character_source@V?$string_input_adapter@D@__crt_stdio_input@@@0@QAM@Z 00414b34 f i libucrt:input.obj
 0001:00013bbe       ??$parse_floating_point@V?$input_adapter_character_source@V?$string_input_adapter@D@__crt_stdio_input@@@__crt_strtox@@N@__crt_strtox@@YA?AW4SLD_STATUS@@QAU__crt_locale_pointers@@V?$input_adapter_character_source@V?$string_input_adapter@D@__crt_stdio_input@@@0@QAN@Z 00414bbe f i libucrt:input.obj
 0001:00013c48       ??$parse_floating_point_from_source@V?$input_adapter_character_source@V?$string_input_adapter@D@__crt_stdio_input@@@__crt_strtox@@@__crt_strtox@@YA?AW4floating_point_parse_result@0@QAU__crt_locale_pointers@@AAV?$input_adapter_character_source@V?$string_input_adapter@D@__crt_stdio_input@@@0@AAUfloating_point_string@0@@Z 00414c48 f i libucrt:input.obj
 0001:00014093       ??$parse_floating_point_possible_infinity@DV?$input_adapter_character_source@V?$string_input_adapter@D@__crt_stdio_input@@@__crt_strtox@@_K@__crt_strtox@@YA?AW4floating_point_parse_result@0@AADAAV?$input_adapter_character_source@V?$string_input_adapter@D@__crt_stdio_input@@@0@_K@Z 00415093 f i libucrt:input.obj
 0001:00014152       ??$parse_floating_point_possible_nan@DV?$input_adapter_character_source@V?$string_input_adapter@D@__crt_stdio_input@@@__crt_strtox@@_K@__crt_strtox@@YA?AW4floating_point_parse_result@0@AADAAV?$input_adapter_character_source@V?$string_input_adapter@D@__crt_stdio_input@@@0@_K@Z 00415152 f i libucrt:input.obj
 0001:0001425a       ??$parse_floating_point_possible_nan_is_ind@DV?$input_adapter_character_source@V?$string_input_adapter@D@__crt_stdio_input@@@__crt_strtox@@@__crt_strtox@@YA_NAADAAV?$input_adapter_character_source@V?$string_input_adapter@D@__crt_stdio_input@@@0@@Z 0041525a f i libucrt:input.obj
 0001:00014294       ??$parse_floating_point_possible_nan_is_snan@DV?$input_adapter_character_source@V?$string_input_adapter@D@__crt_stdio_input@@@__crt_strtox@@@__crt_strtox@@YA_NAADAAV?$input_adapter_character_source@V?$string_input_adapter@D@__crt_stdio_input@@@0@@Z 00415294 f i libucrt:input.obj
 0001:000142ce       ??$parse_integer@_KV?$input_adapter_character_source@V?$string_input_adapter@D@__crt_stdio_input@@@__crt_strtox@@$00@__crt_strtox@@YA_KAAV__crt_cached_ptd_host@@V?$input_adapter_character_source@V?$string_input_adapter@D@__crt_stdio_input@@@0@H_N@Z 004152ce f i libucrt:input.obj
 0001:000145d2       ??$parse_integer@_KV?$input_adapter_character_source@V?$string_input_adapter@D@__crt_stdio_input@@@__crt_strtox@@@__crt_strtox@@YA_KQAU__crt_locale_pointers@@V?$input_adapter_character_source@V?$string_input_adapter@D@__crt_stdio_input@@@0@H_N@Z 004155d2 f i libucrt:input.obj
 0001:0001462e       ??$process_floating_point_specifier_t@M@?$input_processor@DV?$string_input_adapter@D@__crt_stdio_input@@@__crt_stdio_input@@AAE_NXZ 0041562e f i libucrt:input.obj
 0001:00014697       ??$process_floating_point_specifier_t@N@?$input_processor@DV?$string_input_adapter@D@__crt_stdio_input@@@__crt_stdio_input@@AAE_NXZ 00415697 f i libucrt:input.obj
 0001:00014700       ??$process_string_specifier_tchar@D@?$input_processor@DV?$string_input_adapter@D@__crt_stdio_input@@@__crt_stdio_input@@AAE_NW4conversion_mode@1@D@Z 00415700 f i libucrt:input.obj
 0001:00014862       ??$process_string_specifier_tchar@_W@?$input_processor@DV?$string_input_adapter@D@__crt_stdio_input@@@__crt_stdio_input@@AAE_NW4conversion_mode@1@_W@Z 00415862 f i libucrt:input.obj
 0001:000149d1       ??$skip_whitespace@Vstring_input_adapter@__crt_stdio_input@@D@__crt_stdio_input@@YAHAAV?$string_input_adapter@D@0@QAU__crt_locale_pointers@@@Z 004159d1 f i libucrt:input.obj
 0001:00014a00       ??$write_floating_point@M@?$input_processor@DV?$string_input_adapter@D@__crt_stdio_input@@@__crt_stdio_input@@AAE_NABM@Z 00415a00 f i libucrt:input.obj
 0001:00014a34       ??$write_floating_point@N@?$input_processor@DV?$string_input_adapter@D@__crt_stdio_input@@@__crt_stdio_input@@AAE_NABN@Z 00415a34 f i libucrt:input.obj
 0001:00014a6e       ??0?$format_string_parser@D@__crt_stdio_input@@QAE@_KQBE@Z 00415a6e f i libucrt:input.obj
 0001:00014ab8       ??0?$input_adapter_character_source@V?$string_input_adapter@D@__crt_stdio_input@@@__crt_strtox@@QAE@$$QAV01@@Z 00415ab8 f i libucrt:input.obj
 0001:00014af5       ??0?$input_adapter_character_source@V?$string_input_adapter@D@__crt_stdio_input@@@__crt_strtox@@QAE@QAV?$string_input_adapter@D@__crt_stdio_input@@_KQA_N@Z 00415af5 f i libucrt:input.obj
 0001:00014b26       ??0?$input_processor@DV?$string_input_adapter@D@__crt_stdio_input@@@__crt_stdio_input@@QAE@ABV?$string_input_adapter@D@1@_KQBDQAU__crt_locale_pointers@@QAD@Z 00415b26 f i libucrt:input.obj
 0001:00014b6a       ??R<lambda_644f8ab42ed3fd1d660977a2364b3a7d>@@QBE_NXZ 00415b6a f i libucrt:input.obj
 0001:00014b6a       ??R<lambda_f1fa4c266c18b246f3ed9c36247dab4f>@@QBE_NXZ 00415b6a f i libucrt:input.obj
 0001:00014b6a       ??R<lambda_f765c90ab33e8386abf09c0f079d37e9>@@QBE_NXZ 00415b6a f i libucrt:input.obj
 0001:00014b94       ?advance@?$format_string_parser@D@__crt_stdio_input@@QAE_NXZ 00415b94 f i libucrt:input.obj
 0001:00014cac       ?get@?$input_adapter_character_source@V?$string_input_adapter@D@__crt_stdio_input@@@__crt_strtox@@QAEDXZ 00415cac f i libucrt:input.obj
 0001:00014ce3       ?get@?$string_input_adapter@D@__crt_stdio_input@@QAEHXZ 00415ce3 f i libucrt:input.obj
 0001:00014cf9       ?is_character_allowed_in_string@?$input_processor@DV?$string_input_adapter@D@__crt_stdio_input@@@__crt_stdio_input@@ABE_NW4conversion_mode@2@H@Z 00415cf9 f i libucrt:input.obj
 0001:00014d49       ?length@?$format_string_parser@D@__crt_stdio_input@@QBEIXZ 00415d49 f i libucrt:input.obj
 0001:00014d8a       ?process@?$input_processor@DV?$string_input_adapter@D@__crt_stdio_input@@@__crt_stdio_input@@QAEHXZ 00415d8a f i libucrt:input.obj
 0001:00014e0e       ?process_character_count_specifier@?$input_processor@DV?$string_input_adapter@D@__crt_stdio_input@@@__crt_stdio_input@@AAE_NXZ 00415e0e f i libucrt:input.obj
 0001:00014e26       ?process_conversion_specifier@?$input_processor@DV?$string_input_adapter@D@__crt_stdio_input@@@__crt_stdio_input@@AAE_NXZ 00415e26 f i libucrt:input.obj
 0001:00014e9a       ?process_floating_point_specifier@?$input_processor@DV?$string_input_adapter@D@__crt_stdio_input@@@__crt_stdio_input@@AAE_NXZ 00415e9a f i libucrt:input.obj
 0001:00014eca       ?process_integer_specifier@?$input_processor@DV?$string_input_adapter@D@__crt_stdio_input@@@__crt_stdio_input@@AAE_NI_N@Z 00415eca f i libucrt:input.obj
 0001:00014f2f       ?process_literal_character@?$input_processor@DV?$string_input_adapter@D@__crt_stdio_input@@@__crt_stdio_input@@AAE_NXZ 00415f2f f i libucrt:input.obj
 0001:00014f65       ?process_literal_character_tchar@?$input_processor@DV?$string_input_adapter@D@__crt_stdio_input@@@__crt_stdio_input@@AAE_ND@Z 00415f65 f i libucrt:input.obj
 0001:00014fb3       ?process_state@?$input_processor@DV?$string_input_adapter@D@__crt_stdio_input@@@__crt_stdio_input@@AAE_NXZ 00415fb3 f i libucrt:input.obj
 0001:00014ff5       ?process_string_specifier@?$input_processor@DV?$string_input_adapter@D@__crt_stdio_input@@@__crt_stdio_input@@AAE_NW4conversion_mode@2@@Z 00415ff5 f i libucrt:input.obj
 0001:0001503d       ?process_whitespace@?$input_processor@DV?$string_input_adapter@D@__crt_stdio_input@@@__crt_stdio_input@@AAE_NXZ 0041603d f i libucrt:input.obj
 0001:0001505a       ?restore_state@?$input_adapter_character_source@V?$string_input_adapter@D@__crt_stdio_input@@@__crt_strtox@@QAE_N_K@Z 0041605a f i libucrt:input.obj
 0001:0001507f       ?scan_conversion_specifier@?$format_string_parser@D@__crt_stdio_input@@AAE_NXZ 0041607f f i libucrt:input.obj
 0001:000151ea       ?scan_optional_field_width@?$format_string_parser@D@__crt_stdio_input@@AAE_NXZ 004161ea f i libucrt:input.obj
 0001:0001527e       ?scan_optional_length_modifier@?$format_string_parser@D@__crt_stdio_input@@AAEXXZ 0041627e f i libucrt:input.obj
 0001:00015391       ?scan_optional_literal_character_trail_bytes_tchar@?$format_string_parser@D@__crt_stdio_input@@AAE_ND@Z 00416391 f i libucrt:input.obj
 0001:000153e3       ?scan_optional_wide_modifier@?$format_string_parser@D@__crt_stdio_input@@AAEXXZ 004163e3 f i libucrt:input.obj
 0001:00015401       ?scan_scanset_range@?$format_string_parser@D@__crt_stdio_input@@AAE_NXZ 00416401 f i libucrt:input.obj
 0001:00015542       ?set_wide_for_c_s_or_scanset@?$format_string_parser@D@__crt_stdio_input@@AAEXXZ 00416542 f i libucrt:input.obj
 0001:00015563       ?to_floating_point_length@__crt_stdio_input@@YAIW4length_modifier@1@@Z 00416563 f i libucrt:input.obj
 0001:00015586       ?to_integer_length@__crt_stdio_input@@YAIW4length_modifier@1@@Z 00416586 f i libucrt:input.obj
 0001:000155d9       ?unget@?$input_adapter_character_source@V?$string_input_adapter@D@__crt_stdio_input@@@__crt_strtox@@QAEXD@Z 004165d9 f i libucrt:input.obj
 0001:00015620       ?unget@?$string_input_adapter@D@__crt_stdio_input@@QAEXH@Z 00416620 f i libucrt:input.obj
 0001:0001563f       ?validate@?$format_string_parser@D@__crt_stdio_input@@QBE_NXZ 0041663f f i libucrt:input.obj
 0001:0001565b       ?validate@?$input_adapter_character_source@V?$string_input_adapter@D@__crt_stdio_input@@@__crt_strtox@@QBE_NXZ 0041665b f i libucrt:input.obj
 0001:0001567c       ?validate@?$string_input_adapter@D@__crt_stdio_input@@QAE_NXZ 0041667c f i libucrt:input.obj
 0001:0001569e       ?write_character@?$input_processor@DV?$string_input_adapter@D@__crt_stdio_input@@@__crt_stdio_input@@AAE_NQA_WIAAPA_WAAID@Z 0041669e f i libucrt:input.obj
 0001:0001570b       ?write_integer@?$input_processor@DV?$string_input_adapter@D@__crt_stdio_input@@@__crt_stdio_input@@AAE_N_K@Z 0041670b f i libucrt:input.obj
 0001:00015779       ___stdio_common_vsscanf    00416779 f   libucrt:input.obj
 0001:00015844       __fwrite_internal          00416844 f   libucrt:fwrite.obj
 0001:000158bb       __fwrite_nolock_internal   004168bb f   libucrt:fwrite.obj
 0001:00015a65       _fwrite                    00416a65 f   libucrt:fwrite.obj
 0001:00015a9f       ??$__acrt_convert_wcs_mbs_cp@D_WV<lambda_62f6974d9771e494a5ea317cc32e971c>@@U__crt_win32_buffer_internal_dynamic_resizing@@@@YAHQBDAAV?$__crt_win32_buffer@_WU__crt_win32_buffer_internal_dynamic_resizing@@@@ABV<lambda_62f6974d9771e494a5ea317cc32e971c>@@I@Z 00416a9f f i libucrt:rename.obj
 0001:00015b51       ??$__acrt_mbs_to_wcs_cp@U__crt_win32_buffer_internal_dynamic_resizing@@@@YAHQBDAAV?$__crt_win32_buffer@_WU__crt_win32_buffer_internal_dynamic_resizing@@@@I@Z 00416b51 f i libucrt:rename.obj
 0001:00015b6e       ?__acrt_get_utf8_acp_compatibility_codepage@@YAIXZ 00416b6e f i libucrt:rename.obj
 0001:00015bad       ?_deallocate@?$__crt_win32_buffer@DU__crt_win32_buffer_internal_dynamic_resizing@@@@AAEXXZ 00416bad f i libucrt:argv_wildcards.obj
 0001:00015bad       ?_deallocate@?$__crt_win32_buffer@_WU__crt_win32_buffer_internal_dynamic_resizing@@@@AAEXXZ 00416bad f i libucrt:rename.obj
 0001:00015bc7       ?allocate@?$__crt_win32_buffer@_WU__crt_win32_buffer_internal_dynamic_resizing@@@@QAEHI@Z 00416bc7 f i libucrt:rename.obj
 0001:00015c06       ?allocate@__crt_win32_buffer_internal_dynamic_resizing@@SAHQAPAXIABV__crt_win32_buffer_empty_debug_info@@@Z 00416c06 f i libucrt:rename.obj
 0001:00015c25       _rename                    00416c25 f   libucrt:rename.obj
 0001:00015cd3       _strtoul                   00416cd3 f   libucrt:strtox.obj
 0001:00015d19       _strtoull                  00416d19 f   libucrt:strtox.obj
 0001:00015d65       _wcstol                    00416d65 f   libucrt:strtox.obj
 0001:00015dab       __time64                   00416dab f   libucrt:time.obj
 0001:000160a2       __localtime64_s            004170a2 f   libucrt:localtime.obj
 0001:000160ad       ??$__crt_time_is_leap_year@H@@YA_NH@Z 004170ad f i libucrt:asctime.obj
 0001:0001627b       ?__crt_time_is_day_valid@@YA_NHHH@Z 0041727b f i libucrt:asctime.obj
 0001:000162be       _asctime_s                 004172be f   libucrt:asctime.obj
 0001:000162c9       __seh_filter_exe           004172c9 f   libucrt:exception_filter.obj
 0001:0001645c       ??$__crt_fast_encode_pointer@P6AHPAU_exception@@@Z@@YAP6AHPAU_exception@@@ZQ6AH0@Z@Z 0041745c f i libucrt:matherr.obj
 0001:0001645c       ??$__crt_fast_encode_pointer@P6AHXZ@@YAP6AHXZQ6AHXZ@Z 0041745c f i libucrt:onexit.obj
 0001:0001645c       ??$__crt_fast_encode_pointer@P6GXPAXK0@Z@@YAP6GXPAXK0@ZQ6GX0K0@Z@Z 0041745c f i libucrt:exit.obj
 0001:0001645c       ??$__crt_fast_encode_pointer@PAP6AXXZ@@YAPAP6AXXZQAP6AXXZ@Z 0041745c f i libucrt:onexit.obj
 0001:0001645c       ??$__crt_fast_encode_pointer@PAX@@YAPAXQAX@Z 0041745c f i libucrt:initialization.obj
 0001:00016715       ___acrt_initialize_thread_local_exit_callback 00417715 f   libucrt:exit.obj
 0001:00016724       __c_exit                   00417724 f   libucrt:exit.obj
 0001:00016733       __cexit                    00417733 f   libucrt:exit.obj
 0001:00016742       __exit                     00417742 f   libucrt:exit.obj
 0001:00016758       __register_thread_local_exe_atexit_callback 00417758 f   libucrt:exit.obj
 0001:0001677e       _exit                      0041777e f   libucrt:exit.obj
 0001:00016a45       ___acrt_allocate_buffer_for_argv 00417a45 f   libucrt:argv_parsing.obj
 0001:00016a94       __configure_narrow_argv    00417a94 f   libucrt:argv_parsing.obj
 0001:00016e60       ___dcrt_get_or_create_wide_environment_nolock 00417e60 f   libucrt:environment_initialization.obj
 0001:00016e65       ___dcrt_uninitialize_environments_nolock 00417e65 f   libucrt:environment_initialization.obj
 0001:00016eb6       __initialize_narrow_environment 00417eb6 f   libucrt:environment_initialization.obj
 0001:0001714d       __crt_atexit               0041814d f   libucrt:onexit.obj
 0001:00017163       __execute_onexit_table     00418163 f   libucrt:onexit.obj
 0001:000171a1       __initialize_onexit_table  004181a1 f   libucrt:onexit.obj
 0001:000171ca       __register_onexit_function 004181ca f   libucrt:onexit.obj
 0001:000172f8       ___acrt_initialize         004182f8 f   libucrt:initialization.obj
 0001:0001730a       ___acrt_uninitialize       0041830a f   libucrt:initialization.obj
 0001:0001733a       ___acrt_initialize_new_handler 0041833a f   libucrt:new_handler.obj
 0001:00017349       __callnewh                 00418349 f   libucrt:new_handler.obj
 0001:00017376       __query_new_handler        00418376 f   libucrt:new_handler.obj
 0001:000173d2       _terminate                 004183d2 f   libucrt:terminate.obj
 0001:0001740e       __query_app_type           0041840e f   libucrt:report_runtime_error.obj
 0001:00017414       __set_app_type             00418414 f   libucrt:report_runtime_error.obj
 0001:00017423       ___acrt_has_user_matherr   00418423 f   libucrt:matherr.obj
 0001:0001743b       ___acrt_initialize_user_matherr 0041843b f   libucrt:matherr.obj
 0001:0001744a       ___acrt_invoke_user_matherr 0041844a f   libucrt:matherr.obj
 0001:0001747c       ___setusermatherr          0041847c f   libucrt:matherr.obj
 0001:00017491       __get_narrow_winmain_command_line 00418491 f   libucrt:argv_winmain.obj
 0001:000174e4       __initterm                 004184e4 f   libucrt:initterm.obj
 0001:0001750f       __initterm_e               0041850f f   libucrt:initterm.obj
 0001:0001753d       __get_fmode                0041853d f   libucrt:setmode.obj
 0001:0001756a       __set_fmode                0041856a f   libucrt:setmode.obj
 0001:000175a7       __setmode_nolock           004185a7 f   libucrt:setmode.obj
 0001:000176e4       ___acrt_set_locale_changed 004186e4 f   libucrt:wsetlocale.obj
 0001:000176ef       ___acrt_uninitialize_locale 004186ef f   libucrt:wsetlocale.obj
 0001:00017716       __configthreadlocale       00418716 f   libucrt:wsetlocale.obj
 0001:00017778       __query_new_mode           00418778 f   libucrt:new_mode.obj
 0001:0001777f       __set_new_mode             0041877f f   libucrt:new_mode.obj
 0001:000177ae       ___p__commode              004187ae f   libucrt:ncommode.obj
 0001:000177b4       __controlfp_s              004187b4 f   libucrt:contrlfp.obj
[...]
 0002:00007eb4       __tryblocktable$?WindowList@CReadFiles@@QAEXPAD@Z 0042feb4     ReadFiles.obj
 0002:00007ec8       __catchsym$?WindowList@CReadFiles@@QAEXPAD@Z$3 0042fec8     ReadFiles.obj
 0002:00007ed8       __ehfuncinfo$??__EgSocketManager@@YAXXZ 0042fed8     SocketManager.obj
 0002:00007efc       __unwindtable$??__EgSocketManager@@YAXXZ 0042fefc     SocketManager.obj
 0002:00007f04       __ehfuncinfo$??__FgSocketManager@@YAXXZ 0042ff04     SocketManager.obj
 0002:00007f28       __unwindtable$??__FgSocketManager@@YAXXZ 0042ff28     SocketManager.obj
 0002:00007f38       __ehfuncinfo$??_GCSocketManager@@UAEPAXI@Z 0042ff38     SocketManager.obj
 0002:00007f5c       __unwindtable$??_GCSocketManager@@UAEPAXI@Z 0042ff5c     SocketManager.obj
 0002:00007fe0       __sehtable$___scrt_is_nonwritable_in_current_image 0042ffe0     LIBCMT:utility.obj
 0002:00008000       __sehtable$??_L@YGXPAXIIP6EX0@Z1@Z 00430000     LIBCMT:ehvecctr.obj
 0002:00008020       __sehtable$??_M@YGXPAXIIP6EX0@Z@Z 00430020     LIBCMT:ehvecdtr.obj
 0002:00008040       __sehtable$?__ArrayUnwind@@YGXPAXIIP6EX0@Z@Z 00430040     LIBCMT:ehvecdtr.obj
 0002:00008060       __sehtable$?__scrt_common_main_seh@@YAHXZ 00430060     LIBCMT:exe_winmain.obj
 0002:00008080       __sehtable$___DestructExceptionObject 00430080     libvcruntime:ehhelpers.obj
 0002:000080a0       __sehtable$?FrameUnwindToState@__FrameHandler3@@SAXPAUEHRegistrationNode@@PAXPBU_s_FuncInfo@@H@Z 004300a0     libvcruntime:frame.obj
 0002:000080c8       __sehtable$?CallCatchBlock@@YAPAXPAUEHExceptionRecord@@PAUEHRegistrationNode@@PAU_CONTEXT@@PBU_s_FuncInfo@@PAXHK@Z 004300c8     libvcruntime:frame.obj
 0002:000080f0       __catchsym$?CallUnexpected@@YAXPBU_s_ESTypeList@@@Z$2 004300f0     libvcruntime:frame.obj
 0002:00008100       __unwindtable$?CallUnexpected@@YAXPBU_s_ESTypeList@@@Z 00430100     libvcruntime:frame.obj
 0002:00008110       __tryblocktable$?CallUnexpected@@YAXPBU_s_ESTypeList@@@Z 00430110     libvcruntime:frame.obj
 0002:00008124       __ehfuncinfo$?CallUnexpected@@YAXPBU_s_ESTypeList@@@Z 00430124     libvcruntime:frame.obj
 0002:00008148       __sehtable$??$BuildCatchObjectHelperInternal@V__FrameHandler3@@@@YAHPAUEHExceptionRecord@@PAXPBU_s_HandlerType@@PBU_s_CatchableType@@@Z 00430148     libvcruntime:frame.obj
 0002:00008168       __sehtable$??$BuildCatchObjectInternal@V__FrameHandler3@@@@YAXPAUEHExceptionRecord@@PAXPBU_s_HandlerType@@PBU_s_CatchableType@@@Z 00430168     libvcruntime:frame.obj
 0002:000081c0       __sehtable$??$common_fsopen@D@@YAPAU_iobuf@@QBD0H@Z 004301c0     libucrt:fopen.obj
 0002:000081e0       __sehtable$?_fclose_internal@@YAHQAU_iobuf@@AAV__crt_cached_ptd_host@@@Z 004301e0     libucrt:fclose.obj
 0002:00008200       __sehtable$_fread_s        00430200     libucrt:fread.obj
 0002:00008220       __sehtable$??$?RV<lambda_76055cf4b68c1f980da8b7496a3ae623>@@AAV<lambda_26974eb511f701c600fccfa2a97a8e1b>@@V<lambda_0062726809bb3c529c0733aa37379daf>@@@?$__crt_seh_guarded_call@I@@QAEI$$QAV<lambda_76055cf4b68c1f980da8b7496a3ae623>@@AAV<lambda_26974eb511f701c600fccfa2a97a8e1b>@@$$QAV<lambda_0062726809bb3c529c0733aa37379daf>@@@Z 00430220     libucrt:fwrite.obj
 0002:0000823c       __ehfuncinfo$?write_double_translated_ansi_nolock@@YA?AUwrite_result@?A0x17268360@@HQBDIAAV__crt_cached_ptd_host@@@Z 0043023c     libucrt:write.obj
 0002:0000823c       __ehfuncinfo$?try_cor_exit_process@@YAXI@Z 0043023c     libucrt:exit.obj
 0002:00008260       __unwindtable$?common_exit@@YAXHW4_crt_exit_cleanup_mode@@W4_crt_exit_return_mode@@@Z 00430260     libucrt:exit.obj
 0002:00008268       __ehfuncinfo$?common_exit@@YAXHW4_crt_exit_cleanup_mode@@W4_crt_exit_return_mode@@@Z 00430268     libucrt:exit.obj
 0002:00008290       __sehtable$??R<lambda_6e4b09c48022b2350581041d5f6b0c4c>@@QBE@XZ 00430290     libucrt:exit.obj
 0002:000082b0       __sehtable$??$?RV<lambda_03b1d95aef87969028cfba75ccab2455>@@AAV<lambda_6e4b09c48022b2350581041d5f6b0c4c>@@V<lambda_22bdf7517842c4b3e53723af5aa32b9e>@@@?$__crt_seh_guarded_call@X@@QAEX$$QAV<lambda_03b1d95aef87969028cfba75ccab2455>@@AAV<lambda_6e4b09c48022b2350581041d5f6b0c4c>@@$$QAV<lambda_22bdf7517842c4b3e53723af5aa32b9e>@@@Z 004302b0     libucrt:exit.obj
 0002:000082cc       __unwindtable$___dcrt_uninitialize_environments_nolock 004302cc     libucrt:environment_initialization.obj
 0002:000082dc       __ehfuncinfo$___dcrt_uninitialize_environments_nolock 004302dc     libucrt:environment_initialization.obj
 0002:00008300       __unwindtable$__execute_onexit_table 00430300     libucrt:onexit.obj
 0002:00008308       __ehfuncinfo$__execute_onexit_table 00430308     libucrt:onexit.obj
 0002:00008330       __sehtable$??$?RV<lambda_8e746cf0007f6ed984d6f78af1fec997>@@AAV<lambda_22ebabd17bc4fa466a2aca6d8deb888d>@@V<lambda_18ed0c0b38a6dc0daf1e7ac6d6adf05e>@@@?$__crt_seh_guarded_call@H@@QAEH$$QAV<lambda_8e746cf0007f6ed984d6f78af1fec997>@@AAV<lambda_22ebabd17bc4fa466a2aca6d8deb888d>@@$$QAV<lambda_18ed0c0b38a6dc0daf1e7ac6d6adf05e>@@@Z 00430330     libucrt:onexit.obj
 0002:00008350       __sehtable$??$?RV<lambda_69a2805e680e0e292e8ba93315fe43a8>@@AAV<lambda_f03950bc5685219e0bcd2087efbe011e>@@V<lambda_03fcd07e894ec930e3f35da366ca99d6>@@@?$__crt_seh_guarded_call@H@@QAEH$$QAV<lambda_69a2805e680e0e292e8ba93315fe43a8>@@AAV<lambda_f03950bc5685219e0bcd2087efbe011e>@@$$QAV<lambda_03fcd07e894ec930e3f35da366ca99d6>@@@Z 00430350     libucrt:onexit.obj
 0002:00008370       __sehtable$__query_new_handler 00430370     libucrt:new_handler.obj
 0002:00008390       __sehtable$_terminate      00430390     libucrt:terminate.obj
 0002:000083b0       __sehtable$??$?RV<lambda_e5124f882df8998aaf41531e079ba474>@@AAV<lambda_3e16ef9562a7dcce91392c22ab16ea36>@@V<lambda_e25ca0880e6ef98be67edffd8c599615>@@@?$__crt_seh_guarded_call@X@@QAEX$$QAV<lambda_e5124f882df8998aaf41531e079ba474>@@AAV<lambda_3e16ef9562a7dcce91392c22ab16ea36>@@$$QAV<lambda_e25ca0880e6ef98be67edffd8c599615>@@@Z 004303b0     libucrt:wsetlocale.obj
 0002:000083d0       __sehtable$??$?RV<lambda_15ade71b0218206bbe3333a0c9b79046>@@AAV<lambda_da44e0f8b0f19ba52fefafb335991732>@@V<lambda_207f2d024fc103971653565357d6cd41>@@@?$__crt_seh_guarded_call@X@@QAEX$$QAV<lambda_15ade71b0218206bbe3333a0c9b79046>@@AAV<lambda_da44e0f8b0f19ba52fefafb335991732>@@$$QAV<lambda_207f2d024fc103971653565357d6cd41>@@@Z 004303d0     libucrt:per_thread_data.obj
 0002:000083f0       __sehtable$??$?RV<lambda_a7e850c220f1c8d1e6efeecdedd162c6>@@AAV<lambda_46720907175c18b6c9d2717bc0d2d362>@@V<lambda_9048902d66e8d99359bc9897bbb930a8>@@@?$__crt_seh_guarded_call@X@@QAEX$$QAV<lambda_a7e850c220f1c8d1e6efeecdedd162c6>@@AAV<lambda_46720907175c18b6c9d2717bc0d2d362>@@$$QAV<lambda_9048902d66e8d99359bc9897bbb930a8>@@@Z 004303f0     libucrt:per_thread_data.obj
 0002:00008410       __sehtable$??$?RV<lambda_38edbb1296d33220d7e4dd0ed76b244a>@@AAV<lambda_5ce1d447e08cb34b2473517608e21441>@@V<lambda_fb385d3da700c9147fc39e65dd577a8c>@@@?$__crt_seh_guarded_call@X@@QAEX$$QAV<lambda_38edbb1296d33220d7e4dd0ed76b244a>@@AAV<lambda_5ce1d447e08cb34b2473517608e21441>@@$$QAV<lambda_fb385d3da700c9147fc39e65dd577a8c>@@@Z 00430410     libucrt:per_thread_data.obj
 0002:00008430       __sehtable$??$?RV<lambda_6affb1475c98b40b75cdec977db92e3c>@@AAV<lambda_b8d4b9c228a6ecc3f80208dbb4b4a104>@@V<lambda_608742c3c92a14382c1684fc64f96c88>@@@?$__crt_seh_guarded_call@X@@QAEX$$QAV<lambda_6affb1475c98b40b75cdec977db92e3c>@@AAV<lambda_b8d4b9c228a6ecc3f80208dbb4b4a104>@@$$QAV<lambda_608742c3c92a14382c1684fc64f96c88>@@@Z 00430430     libucrt:per_thread_data.obj
 0002:00008450       __sehtable$?__acrt_stdio_allocate_stream@@YA?AV__crt_stdio_stream@@XZ 00430450     libucrt:stream.obj
 0002:00008470       __sehtable$??$?RV<lambda_d422a76eb4c3bf3ad751449ab71a6ea4>@@AAV<lambda_c9ba49e555ba839a7b07aa3fbecb7617>@@V<lambda_9476263c8ee91a25d21c55370bdb50de>@@@?$__crt_seh_guarded_call@H@@QAEH$$QAV<lambda_d422a76eb4c3bf3ad751449ab71a6ea4>@@AAV<lambda_c9ba49e555ba839a7b07aa3fbecb7617>@@$$QAV<lambda_9476263c8ee91a25d21c55370bdb50de>@@@Z 00430470     libucrt:close.obj
 0002:00008490       __sehtable$??$?RV<lambda_2866be3712abc81a800a822484c830d8>@@AAV<lambda_39ca0ed439415581b5b15c265174cece>@@V<lambda_2b24c74d71094a6cd0cb82e44167d71b>@@@?$__crt_seh_guarded_call@X@@QAEX$$QAV<lambda_2866be3712abc81a800a822484c830d8>@@AAV<lambda_39ca0ed439415581b5b15c265174cece>@@$$QAV<lambda_2b24c74d71094a6cd0cb82e44167d71b>@@@Z 00430490     libucrt:fflush.obj
 0002:000084b0       __sehtable$??$?RV<lambda_2cc53f568c5a2bb6f192f930a45d44ea>@@AAV<lambda_ab61a845afdef5b7c387490eaf3616ee>@@V<lambda_c2ffc0b7726aa6be21d5f0026187e748>@@@?$__crt_seh_guarded_call@X@@QAEX$$QAV<lambda_2cc53f568c5a2bb6f192f930a45d44ea>@@AAV<lambda_ab61a845afdef5b7c387490eaf3616ee>@@$$QAV<lambda_c2ffc0b7726aa6be21d5f0026187e748>@@@Z 004304b0     libucrt:fflush.obj
 0002:000084d0       __sehtable$__read          004304d0     libucrt:read.obj
 0002:000084f0       __sehtable$___acrt_initialize_lowio 004304f0     libucrt:ioinit.obj
 0002:00008510       __sehtable$__write_internal 00430510     libucrt:write.obj
 0002:00008530       __sehtable$__isindst       00430530     libucrt:tzset.obj
 0002:00008550       __sehtable$___tzset        00430550     libucrt:tzset.obj
 0002:00008570       __sehtable$?update_thread_multibyte_data_internal@@YAPAU__crt_multibyte_data@@QAU__acrt_ptd@@QAPAU1@@Z 00430570     libucrt:mbctype.obj
 0002:00008590       __sehtable$??$?RV<lambda_ceb1ee4838e85a9d631eb091e2fbe199>@@AAV<lambda_ae742caa10f662c28703da3d2ea5e57e>@@V<lambda_cd08b5d6af4937fe54fc07d0c9bf6b37>@@@?$__crt_seh_guarded_call@X@@QAEX$$QAV<lambda_ceb1ee4838e85a9d631eb091e2fbe199>@@AAV<lambda_ae742caa10f662c28703da3d2ea5e57e>@@$$QAV<lambda_cd08b5d6af4937fe54fc07d0c9bf6b37>@@@Z 00430590     libucrt:mbctype.obj
 0002:000085b0       __sehtable$_raise          004305b0     libucrt:signal.obj
 0002:000085d0       __sehtable$??$?RV<lambda_cbab9ec6f41b0180b23cc171c22676b0>@@AAV<lambda_44731a7d0e6d81c3e6aa82d741081786>@@V<lambda_4b292cb8dd18144e164572427af410ab>@@@?$__crt_seh_guarded_call@P6AXH@Z@@QAEP6AXH@Z$$QAV<lambda_cbab9ec6f41b0180b23cc171c22676b0>@@AAV<lambda_44731a7d0e6d81c3e6aa82d741081786>@@$$QAV<lambda_4b292cb8dd18144e164572427af410ab>@@@Z 004305d0     libucrt:signal.obj
 0002:000085f0       __sehtable$__alloc_osfhnd  004305f0     libucrt:osfinfo.obj
 0002:00008610       __sehtable$___acrt_lowio_ensure_fh_exists 00430610     libucrt:osfinfo.obj
 0002:00008630       __sehtable$___acrt_update_thread_locale_data 00430630     libucrt:locale_refcounting.obj
 0002:00008650       __sehtable$__fcloseall     00430650     libucrt:closeall.obj
 0002:00008670       __sehtable$??$common_sopen_dispatch@D@@YAHQBDHHHQAHH@Z 00430670     libucrt:open.obj
 0002:00008690       __sehtable$??$?RV<lambda_9e9de3de5fa147e2223d7db92bc10aa6>@@AAV<lambda_38ce7e780aa69e748d6df282ebc68efe>@@V<lambda_8ca6da459f0f6780f1cff60fdc3d00e5>@@@?$__crt_seh_guarded_call@H@@QAEH$$QAV<lambda_9e9de3de5fa147e2223d7db92bc10aa6>@@AAV<lambda_38ce7e780aa69e748d6df282ebc68efe>@@$$QAV<lambda_8ca6da459f0f6780f1cff60fdc3d00e5>@@@Z 00430690     libucrt:commit.obj
 0002:000086b0       __sehtable$??$common_lseek@_J@@YA_JH_JHAAV__crt_cached_ptd_host@@@Z 004306b0     libucrt:lseek.obj
 0002:000086d0       __sehtable$??$common_getenv_s@_W@@YAHQAIQA_WIQB_W@Z 004306d0     libucrt:getenv.obj
 0002:000086f0       __sehtable$___set_fpsr_sse2 004306f0     libucrt:fpctrl.obj
 0002:00008710       __sehtable$__IsNonwritableInCurrentImage 00430710     LIBCMT:pesect.obj
 0002:00008e30       .idata$6                   00430e30     kernel32:KERNEL32.dll
 0002:00008ff4       .idata$6                   00430ff4     user32:USER32.dll
 0002:0000907c       .idata$6                   0043107c     gdi32:GDI32.dll
 0002:000090b4       .idata$6                   004310b4     ws2_32:WS2_32.dll
 0002:000090d4       .idata$6                   004310d4     dbghelp:dbghelp.dll
 0002:00009134       .idata$6                   00431134     Psapi:PSAPI.DLL
 0003:00000020       ?__vcrt_flsindex@@3KA      00432020     libvcruntime:per_thread_data.obj
 0003:00000050       ?__acrt_flsindex@@3KA      00432050     libucrt:per_thread_data.obj
 0003:00000054       ?errno_no_memory@@3HA      00432054     libucrt:errno.obj
 0003:00000058       ?doserrno_no_memory@@3KA   00432058     libucrt:errno.obj
 0003:00000310       ?tzstd_program@@3PADA      00432310     libucrt:timeset.obj
 0003:00000350       ?tzdst_program@@3PADA      00432350     libucrt:timeset.obj
 0003:00000390       ?w_tzstd_program@@3PA_WA   00432390     libucrt:timeset.obj
 0003:00000410       ?w_tzdst_program@@3PA_WA   00432410     libucrt:timeset.obj
 0003:00000490       ?tzname_states@@3PAY01PADA 00432490     libucrt:timeset.obj
 0003:00000498       ?w_tzname_states@@3PAY01PA_WA 00432498     libucrt:timeset.obj
 0003:000004a0       ?dststart@@3Utransitiondate@?A0x7639d0b4@@A 004324a0     libucrt:tzset.obj
 0003:000004ac       ?dstend@@3Utransitiondate@?A0x7639d0b4@@A 004324ac     libucrt:tzset.obj
 0003:000006d8       __mbctypes                 004326d8     libucrt:mbctype.obj
 0003:000007e0       __mbcasemaps               004327e0     libucrt:mbctype.obj
 0003:000008e0       ?__rgctypeflag@@3PADA      004328e0     libucrt:mbctype.obj
 0003:000008e8       ?__rgcode_page_info@@3PAUcode_page_info@@A 004328e8     libucrt:mbctype.obj
 0003:00000a40       ?__DAZ_ENABLED@?1??__set_fpsr_sse2@@9@9 00432a40     libucrt:fpctrl.obj
 0003:00000a50       ?__dcrt_lowio_console_output_handle@@3PAXA 00432a50     libucrt:initcon.obj
 0003:00006000       ?is_initialized_as_dll@@3_NA 00438000     LIBCMT:utility.obj
 0003:00006001       ?module_local_atexit_table_initialized@@3_NA 00438001     LIBCMT:utility.obj
 0003:00006004       ?module_local_atexit_table@@3U_onexit_table_t@@A 00438004     LIBCMT:utility.obj
 0003:00006010       ?module_local_at_quick_exit_table@@3U_onexit_table_t@@A 00438010     LIBCMT:utility.obj
 0003:00006020       _GS_ExceptionRecord        00438020     LIBCMT:gs_report.obj
 0003:00006070       _GS_ContextRecord          00438070     LIBCMT:gs_report.obj
 0003:00006354       ?__vcrt_startup_thread_ptd@@3U__vcrt_ptd@@A 00438354     libvcruntime:per_thread_data.obj
 0003:0000637c       ___vcrt_lock_table         0043837c     libvcruntime:locks.obj
 0003:00006394       ___vcrt_locks_initialized  00438394     libvcruntime:locks.obj
 0003:000063c0       ?heap@@3V_HeapManager@@A   004383c0     libvcruntime:undname.obj
 0003:000063d4       ?module_handles@@3PAPAUHINSTANCE__@@A 004383d4     libvcruntime:winapi_downlevel.obj
 0003:000063e0       ?function_pointers@@3PAPAXA 004383e0     libvcruntime:winapi_downlevel.obj
 0003:000063f8       ?__acrt_invalid_parameter_handler@@3V?$dual_state_global@P6AXPB_W00II@Z@__crt_state_management@@A 004383f8     libucrt:invalid_parameter.obj
 0003:000063fc       ?c_termination_complete@@3JA 004383fc     libucrt:exit.obj
 0003:00006400       ?thread_local_exit_callback_func@@3P6GXPAXK0@ZA 00438400     libucrt:exit.obj
 0003:00006408       ?program_name@?1???$common_configure_argv@D@@YAHW4_crt_argv_mode@@@Z@4PADA 00438408     libucrt:argv_parsing.obj
 0003:00006538       ?__acrt_new_handler@@3V?$dual_state_global@P6AHI@Z@__crt_state_management@@A 00438538     libucrt:new_handler.obj
 0003:0000653c       ?__acrt_app_type@@3W4_crt_app_type@@A 0043853c     libucrt:report_runtime_error.obj
 0003:00006540       ?user_matherr@@3V?$dual_state_global@P6AHPAU_exception@@@Z@__crt_state_management@@A 00438540     libucrt:matherr.obj
 0003:00006544       ?empty_string@?1???$common_wincmdln@E@@YAPAEXZ@4PAEA 00438544     libucrt:argv_winmain.obj
 0003:0000654c       ?__acrt_global_new_mode@@3V?$dual_state_global@J@__crt_state_management@@A 0043854c     libucrt:new_mode.obj
 0003:00006564       ?internal_state@?1??_mbtowc_internal@@9@4U_Mbstatet@@A 00438564     libucrt:mbtowc.obj
 0003:0000656c       ?enable_percent_n@@3IA     0043856c     libucrt:printf_count_output.obj
 0003:00006780       ?module_handles@@3PAPAUHINSTANCE__@@A 00438780     libucrt:winapi_thunks.obj
 0003:000067d0       ?encoded_function_pointers@@3PAPAXA 004387d0     libucrt:winapi_thunks.obj
 0003:00006864       ?_tzname@@3V?$dual_state_global@PAPAD@__crt_state_management@@A 00438864     libucrt:timeset.obj
 0003:00006868       ?w_tzname@@3V?$dual_state_global@PAPA_W@__crt_state_management@@A 00438868     libucrt:timeset.obj
 0003:0000686c       ?last_wide_tz@@3PA_WA      0043886c     libucrt:tzset.obj
 0003:00006870       ?tz_api_used@@3HA          00438870     libucrt:tzset.obj
 0003:00006874       ?tzset_init_state@@3V?$dual_state_global@J@__crt_state_management@@A 00438874     libucrt:tzset.obj
 0003:00006878       ?tz_info@@3U_TIME_ZONE_INFORMATION@@A 00438878     libucrt:tzset.obj
 0003:00006928       ?__acrt_lock_table@@3PAU_RTL_CRITICAL_SECTION@@A 00438928     libucrt:locks.obj
 0003:00006a78       ?__acrt_locks_initialized@@3IA 00438a78     libucrt:locks.obj
 0003:00006a88       ?fSystemSet@@3HA           00438a88     libucrt:mbctype.obj
 0003:00006a8c       ?initialized@?1??__acrt_initialize_multibyte@@9@4_NA 00438a8c     libucrt:mbctype.obj
 0003:00006aac       ?ctrlc_action@@3V?$dual_state_global@P6AXH@Z@__crt_state_management@@A 00438aac     libucrt:signal.obj
 0003:00006ab0       ?ctrlbreak_action@@3V?$dual_state_global@P6AXH@Z@__crt_state_management@@A 00438ab0     libucrt:signal.obj
 0003:00006ab4       ?abort_action@@3V?$dual_state_global@P6AXH@Z@__crt_state_management@@A 00438ab4     libucrt:signal.obj
 0003:00006ab8       ?term_action@@3V?$dual_state_global@P6AXH@Z@__crt_state_management@@A 00438ab8     libucrt:signal.obj
 0003:00006acc       ?internal_pst@?1??__mbrtoc32_utf8@__crt_mbstring@@YAIPA_UPBDIPAU_Mbstatet@@AAV__crt_cached_ptd_host@@@Z@4U3@A 00438acc     libucrt:mbrtoc32.obj
 0003:00006ad8       __pmatherr_set             00438ad8     libucrt:libm_error.obj
 0003:000770b8       ?QueueInfo@?BG@??DataRecv@CSocketManager@@QAE_NHPAUIO_MAIN_BUFFER@@@Z@4UQUEUE_INFO@@A 004a90b8     SocketManager.obj
 0003:000790c0       ?QueueInfo@?3??ServerQueueThread@CSocketManager@@SGKPAV2@@Z@4UQUEUE_INFO@@A 004ab0c0     SocketManager.obj
 0004:00000580       $R000000                   004ae580     HackServer.res
 0004:00002330       $R001DB0                   004b0330     HackServer.res
 0004:00012b58       $R0125D8                   004c0b58     HackServer.res
 0004:0001c000       $R01BA80                   004ca000     HackServer.res
 0004:00020228       $R01FCA8                   004ce228     HackServer.res
 0004:000227d0       $R022250                   004d07d0     HackServer.res
 0004:00023878       $R0232F8                   004d1878     HackServer.res
 0004:00024200       $R023C80                   004d2200     HackServer.res
 0004:00024668       $R0240E8                   004d2668     HackServer.res
 0004:000246e0       $R024160                   004d26e0     HackServer.res
 0004:00026490       $R025F10                   004d4490     HackServer.res
 0004:00036cb8       $R036738                   004e4cb8     HackServer.res
 0004:00040160       $R03FBE0                   004ee160     HackServer.res
 0004:00044388       $R043E08                   004f2388     HackServer.res
 0004:00046930       $R0463B0                   004f4930     HackServer.res
 0004:000479d8       $R047458                   004f59d8     HackServer.res
 0004:00048360       $R047DE0                   004f6360     HackServer.res
 0004:000487c8       $R048248                   004f67c8     HackServer.res
 0004:00048840       $R0482C0                   004f6840     HackServer.res
 0004:000489d8       $R048458                   004f69d8     HackServer.res
 0004:000489e8       $R048468                   004f69e8     HackServer.res
 0004:00048b10       $R048590                   004f6b10     HackServer.res
 0004:00048c38       $R0486B8                   004f6c38     HackServer.res
 0004:00048f78       $R0489F8                   004f6f78     HackServer.res
 0004:00048fc0       $R048A40                   004f6fc0     HackServer.res
